00000000 T _start
00000020 t _reset
00000024 T _undefined_instruction
00000028 T _software_interrupt
0000002c T _prefetch_abort
00000030 T _data_abort
00000034 T _not_used
00000038 T _irq
0000003c T _fiq
00000040 T IRQ_STACK_START_IN
00000060 t undefined_instruction
000000c0 t software_interrupt
00000120 t prefetch_abort
00000180 t data_abort
000001e0 t not_used
00000240 t irq
000002a0 t fiq
00000300 t __do_prefetch_abort_veneer
0000030c t __do_software_interrupt_veneer
00000318 t __do_undefined_instruction_veneer
00000324 t __do_data_abort_veneer
00000330 t __do_irq_veneer
0000033c t __do_not_used_veneer
00000348 t __do_fiq_veneer
42c00000 T __image_copy_start
42c00000 T _stext
42c00020 t _undefined_instruction
42c00024 t _software_interrupt
42c00028 t _prefetch_abort
42c0002c t _data_abort
42c00030 t _not_used
42c00034 t _irq
42c00038 t _fiq
42c00040 T TEXT_BASE
42c00044 T _bss_start_ofs
42c00048 T _bss_end_ofs
42c0004c T _end_ofs
42c00050 T reset
42c0006c t relocate_to_text
42c00084 t copy_loop_text
42c0009c t clear_bss
42c000b8 t clbss_l
42c00110 T c_runtime_cpu_setup
42c00120 W save_boot_params
42c00124 T cpu_init_cp15
42c00154 T cpu_init_crit
42c00170 T raise
42c0018c T do_new_cmd
42c00274 W setup_board_tags
42c00278 T do_goImage
42c00434 t PutPixel555To565
42c00460 t PutPixel565To888
42c004a0 t PutPixel565To8888
42c004e8 t PutPixel888To565
42c0051c t PutPixel888To565
42c00550 t PutPixel888To888
42c00578 t PutPixel888To888
42c005a0 t PutPixel888To8888
42c005b4 t PutPixel888To8888
42c005c8 T lcd_set_logo_bmp_addr
42c005d8 T lcd_draw_boot_logo
42c00ea4 T do_drawbmp
42c00f10 t do_loadbmp
42c010d0 t ALPHAPixel888To565
42c01118 t ALPHAPixel888To888
42c01158 t ALPHAPixel888To8888
42c01174 t lcd_draw_text_eng0816
42c01348 T lcd_debug_init
42c0148c T lcd_fill_rectangle
42c01538 T lcd_draw_text
42c01568 T lcd_draw_string
42c01750 T CalUSBID
42c01814 T GetUSBID
42c01824 t nx_usb_write_in_fifo
42c0185c t nx_udc_int_hndlr
42c01f70 T iUSBBOOT
42c021e8 T do_usbdown
42c02268 t mmc_get_part_table_extended
42c02424 T mmc_get_part_table
42c02468 T mmc_make_part_table_extended
42c026d0 T mmc_make_part_table
42c02ac0 t do_fdisk
42c02c0c t fboot_reset_handler
42c02c38 t fboot_reset_handler
42c02c3c t part_lists_print
42c02d8c t parse_part_address
42c02f94 t parse_part_fs
42c03104 t parse_part_partition
42c03304 t mmc_make_parts
42c033d8 t mmc_part_capacity
42c0349c t mmc_check_part_table
42c0358c t mmc_part_write
42c0392c t parse_part_device
42c03bc8 t part_lists_make
42c03e90 t fboot_cmd_oem
42c03ee0 t fboot_cmd_erase
42c03f3c t fboot_cmd_format
42c03f98 t fboot_cmd_boot
42c03ff4 t fboot_cmd_download
42c04124 t fboot_cmd_reboot
42c04160 t fboot_setenv.isra.1
42c043ac t fboot_cmd_getvar
42c04744 t fboot_cmd_flash
42c04db8 t fboot_rx_handler
42c0502c t fboot_rx_handler
42c05034 t do_fastboot
42c053bc T fboot_usb_descriptor
42c05440 T otg_bind_check
42c054c0 T do_update_mmc
42c05904 t write_raw_chunk
42c05944 T check_compress_ext4
42c05a30 T write_compressed_ext4
42c05ae0 T lowlevel_init
42c05b20 T _IRQ_STACK_START_IN_
42c05b40 T undefined_instruction
42c05ba0 T software_interrupt
42c05c00 T prefetch_abort
42c05c60 T data_abort
42c05cc0 T not_used
42c05d20 T irq
42c05d80 T fiq
42c05de0 T mmu_turn_on
42c05df0 T enable_mmu
42c05e38 T disable_mmu
42c05e50 t v7_maint_dcache_all
42c05f1c T invalidate_icache_all
42c05f34 W v7_outer_cache_enable
42c05f38 W v7_outer_cache_disable
42c05f3c W v7_outer_cache_flush_all
42c05f40 T flush_dcache_all
42c05f54 W v7_outer_cache_inval_all
42c05f58 T invalidate_dcache_all
42c05f6c T arm_init_before_mmu
42c05f94 W v7_outer_cache_flush_range
42c05f98 T flush_dcache_range
42c05fd0 T mmu_page_table_flush
42c05ff4 T flush_cache
42c05ffc W v7_outer_cache_inval_range
42c06000 T invalidate_dcache_range
42c060a8 W cpu_cache_initialization
42c060ac T cleanup_before_linux
42c060d8 T enable_caches
42c060dc T arch_cpu_init
42c0611c T print_cpuinfo
42c0612c T dram_init
42c0613c T dram_init_banksize
42c06174 T gdt_reset
42c062b8 T arch_misc_init
42c062c0 T arch_preboot_os
42c062c4 T nxp_cpu_init
42c06474 T nxp_periph_init
42c06478 T nxp_before_linux
42c0647c T nxp_cpu_version
42c06484 T nxp_print_cpuinfo
42c06488 t pll_div
42c064cc t pll_rate.constprop.3
42c06550 t core_update_rate
42c06a58 T clk_get
42c06b10 T clk_round_rate
42c06df0 T clk_get_rate
42c06e04 T clk_set_rate
42c06eb8 T clk_enable
42c07058 T clk_disable
42c070fc T nxp_clk_init
42c07288 T nxp_clk_print
42c074e4 T reset_cpu
42c074f8 T reset_timer_masked
42c0755c T timer_init
42c07828 T get_timer_masked
42c07884 T get_timer
42c078a8 T __udelay
42c07938 T get_ticks
42c07948 T get_tbclk
42c07958 T serial_device_init
42c079ac T i2c_gpio_init
42c07a0c T mmu_on
42c07bc8 T NX_RSTCON_Initialize
42c07bf4 T NX_RSTCON_GetPhysicalAddress
42c07c00 T NX_RSTCON_SetBaseAddress
42c07c10 T NX_RSTCON_SetRST
42c07c44 T NX_RSTCON_GetRST
42c07c68 T NX_CLKGEN_Initialize
42c07ca8 T NX_CLKGEN_GetNumberOfModule
42c07cb0 T NX_CLKGEN_GetPhysicalAddress
42c07cc0 T NX_CLKGEN_SetBaseAddress
42c07cd0 T NX_CLKPWR_Initialize
42c07cfc T NX_CLKPWR_GetPhysicalAddress
42c07d08 T NX_CLKPWR_SetBaseAddress
42c07d18 T NX_CLKPWR_OpenModule
42c07d20 T NX_CLKPWR_SetSoftwareResetEnable
42c07d40 T NX_CLKPWR_DoSoftwareReset
42c07d58 T NX_MCUS_Initialize
42c07d84 T NX_MCUS_GetPhysicalAddress
42c07d90 T NX_MCUS_SetBaseAddress
42c07da0 T NX_MCUS_OpenModule
42c07da8 T NX_MCUS_SetStaticBUSConfig
42c07f08 T NX_ALIVE_Initialize
42c07f34 T NX_ALIVE_GetPhysicalAddress
42c07f40 T NX_ALIVE_SetBaseAddress
42c07f50 T NX_ALIVE_OpenModule
42c07f58 T NX_ALIVE_ClearInterruptPending
42c07f74 T NX_ALIVE_SetWriteEnable
42c07f88 T NX_ALIVE_SetScratchReg
42c07fa4 T NX_ALIVE_GetScratchReg
42c07fb8 T NX_ALIVE_SetPullUpEnable
42c07fdc T NX_ALIVE_SetDetectEnable
42c08000 T NX_ALIVE_SetDetectMode
42c080c0 T NX_ALIVE_SetOutputEnable
42c080e4 T NX_ALIVE_SetOutputValue
42c08108 T NX_ALIVE_GetInputValue
42c08124 T NX_GPIO_SetBit
42c0813c T NX_GPIO_SetBit2
42c08158 T NX_GPIO_Initialize
42c081b8 T NX_GPIO_GetNumberOfModule
42c081c0 T NX_GPIO_GetPhysicalAddress
42c081d0 T NX_GPIO_SetBaseAddress
42c081e0 T NX_GPIO_OpenModule
42c0820c T NX_GPIO_ClearInterruptPendingAll
42c08224 T NX_GPIO_SetInterruptMode
42c08268 T NX_GPIO_SetOutputEnable
42c0827c T NX_GPIO_SetOutputValue
42c0828c T NX_GPIO_GetInputValue
42c082a8 T NX_GPIO_SetPadFunction
42c082c8 T NX_GPIO_SetDriveStrength
42c08300 T NX_GPIO_SetPullEnable
42c08344 T NX_TIEOFF_Initialize
42c08370 T NX_TIEOFF_GetPhysicalAddress
42c0837c T NX_TIEOFF_SetBaseAddress
42c0838c T NX_TIEOFF_Set
42c08414 T NX_WDT_Initialize
42c08440 T NX_WDT_GetPhysicalAddress
42c0844c T NX_WDT_SetBaseAddress
42c0845c T NX_WDT_OpenModule
42c08464 T NX_WDT_GetInterruptNumber
42c0846c T NX_WDT_ClearInterruptPending
42c08484 T NX_WDT_SetEnable
42c084a4 T NX_WDT_GetEnable
42c084bc T NX_WDT_SetResetEnable
42c084dc T NX_DISPLAYTOP_Initialize
42c08508 T NX_DISPLAYTOP_GetPhysicalAddress
42c08514 T NX_DISPLAYTOP_SetBaseAddress
42c08524 T NX_DISPLAYTOP_OpenModule
42c0852c T NX_DISPLAYTOP_SetHDMIMUX
42c08544 T NX_DISPLAYTOP_GetResetNumber
42c0854c T NX_DISPLAYTOP_SetPrimaryMUX
42c08560 T NX_DISPLAYTOP_HDMI_SetVSyncStart
42c08574 T NX_DISPLAYTOP_HDMI_SetVSyncHSStartEnd
42c0858c T NX_DISPLAYTOP_HDMI_SetHActiveStart
42c085a0 T NX_DISPLAYTOP_HDMI_SetHActiveEnd
42c085b4 T NX_DISPTOP_CLKGEN_Initialize
42c085f4 T NX_DISPTOP_CLKGEN_GetPhysicalAddress
42c08604 T NX_DISPTOP_CLKGEN_SetBaseAddress
42c08614 T NX_DISPTOP_CLKGEN_SetClockPClkMode
42c08640 T NX_DISPTOP_CLKGEN_SetClockSource
42c08664 T NX_DISPTOP_CLKGEN_SetClockDivisor
42c08690 T NX_DISPTOP_CLKGEN_SetClockDivisorEnable
42c086b0 T NX_DUALDISPLAY_GetResetNumber
42c086b8 T NX_MLC_Initialize
42c086e8 T NX_MLC_GetPhysicalAddress
42c08714 T NX_MLC_SetBaseAddress
42c08724 T NX_MLC_OpenModule
42c0872c T NX_MLC_SetClockPClkMode
42c08758 T NX_MLC_SetClockBClkMode
42c0878c T NX_MLC_SetTopPowerMode
42c087b0 T NX_MLC_SetTopSleepMode
42c087d8 T NX_MLC_SetTopDirtyFlag
42c087f4 T NX_MLC_SetMLCEnable
42c08814 T NX_MLC_SetFieldEnable
42c08834 T NX_MLC_SetLayerPriority
42c08854 T NX_MLC_SetScreenSize
42c08874 T NX_MLC_SetBackground
42c08888 T NX_MLC_SetDirtyFlag
42c088c8 T NX_MLC_SetLayerEnable
42c08910 T NX_MLC_SetLockSize
42c08948 T NX_MLC_SetAlphaBlending
42c089a8 T NX_MLC_SetTransparency
42c089ec T NX_MLC_SetColorInversion
42c08a30 T NX_MLC_SetFormatRGB
42c08a64 T NX_MLC_SetPosition
42c08b08 T NX_MLC_SetDitherEnableWhenUsingGamma
42c08b28 T NX_MLC_SetGammaPriority
42c08b48 T NX_MLC_SetRGBLayerInvalidPosition
42c08bb4 T NX_MLC_SetRGBLayerStride
42c08bfc T NX_MLC_SetRGBLayerAddress
42c08c2c T NX_MLC_SetRGBLayerGamaTablePowerMode
42c08c58 T NX_MLC_SetRGBLayerGamaTableSleepMode
42c08c94 T NX_MLC_SetRGBLayerGammaEnable
42c08cb4 T NX_DPC_Initialize
42c08ce4 T NX_DPC_GetPhysicalAddress
42c08d10 T NX_DPC_SetBaseAddress
42c08d20 T NX_DPC_OpenModule
42c08d28 T NX_DPC_SetClockPClkMode
42c08d54 T NX_DPC_SetClockSource
42c08d78 T NX_DPC_SetClockDivisor
42c08da4 T NX_DPC_SetClockOutInv
42c08dc8 T NX_DPC_SetClockOutDelay
42c08dec T NX_DPC_SetClockDivisorEnable
42c08e0c T NX_DPC_SetDPCEnable
42c08e2c T NX_DPC_SetDelay
42c08e5c T NX_DPC_SetDither
42c08e84 T NX_DPC_SetMode
42c08f64 T NX_DPC_SetHSync
42c08fc0 T NX_DPC_SetVSync
42c0905c T NX_DPC_SetVSyncOffset
42c09080 T NX_HDMI_GetReg
42c09094 T NX_HDMI_SetReg
42c090a8 T NX_HDMI_Initialize
42c090c8 T NX_HDMI_SetBaseAddress
42c090d8 T NX_HDMI_GetPhysicalAddress
42c090e4 T NX_HDMI_GetResetNumber
42c09128 t serial_setbrg_dev.isra.1
42c09178 t s5p_serial_setbrg
42c0917c t s5p_serial_getc
42c091c0 t s5p_serial_tstc
42c091d8 t serial_putc_dev.isra.5
42c09220 t s5p_serial_puts
42c09240 t s5p_serial_putc
42c09244 t s5p_serial_init
42c0928c W default_serial_console
42c09298 T s5p_serial_initialize
42c092a4 t send_start
42c09308 t send_stop
42c09368 t write_byte
42c09434 T do_i2c_mode
42c09500 T i2c_get_bus_num
42c09510 T i2c_set_bus_speed
42c09590 T i2c_set_bus_num
42c095dc T i2c_get_bus_speed
42c095f4 T i2c_init
42c09618 T i2c_write
42c09724 T i2c_read
42c0988c T i2c_probe
42c098e8 t axp228_i2c_read.isra.0
42c09908 t axp228_i2c_write.isra.1
42c0992c t axp228_i2c_update
42c09988 t axp228_i2c_clr_bits
42c099d8 t axp228_i2c_set_bits
42c09a2c t axp228_set_charging_current
42c09ab4 T power_pmic_function_init
42c09adc T bd_pmic_init
42c0a07c t axp228_charger_state
42c0a084 t axp228_charger_bat_present
42c0a0bc T axp228_usb_limit_set
42c0a0f8 t axp228_chrg_get_type
42c0a194 T power_pmic_init
42c0a208 t axp228_power_battery_charge
42c0a210 t axp228_power_battery_init
42c0a244 T power_bat_init
42c0a2b8 t axp228_muic_chrg_get_type
42c0a354 T power_muic_init
42c0a3c8 t axp228_power_check_ibatt
42c0a4a4 t axp228_power_update_battery
42c0a530 t axp228_power_check_battery
42c0a5f0 T power_fg_init
42c0a664 t dw_mci_clksel
42c0a678 t dw_mci_get_clk
42c0a6c8 t dw_mci_init.constprop.1
42c0a7d8 T board_mmc_init
42c0a87c T disp_initialize
42c0a8a0 T disp_topctl_reset
42c0a8d0 T disp_syncgen_reset
42c0a904 T disp_syncgen_init
42c0a934 T disp_syncgen_enable
42c0a95c T disp_syncgen_setup
42c0abfc T disp_multily_init
42c0ac38 T disp_multily_enable
42c0ac7c T disp_multily_setup
42c0ae54 t disp_hdmi_enable.part.1
42c0aecc T display_hdmi
42c0bb04 T display_rgb
42c0bbd4 T gpio_direction_input
42c0bc0c T gpio_direction_output
42c0bc70 T gpio_get_value
42c0bc90 t s3c_usb_core_soft_reset
42c0bcb8 t s3c_usb_write_ep0_fifo
42c0bd08 t s3c_usb_write_in_fifo
42c0bd58 t s3c_usb_read_out_fifo
42c0bda4 t s3c_usb_set_inep_xfersize.part.0
42c0bdc0 T fboot_usb_int_bulkin
42c0be80 T fboot_usb_int_bulkout
42c0bf14 T fboot_usb_set_descriptors
42c0c0b8 T fastboot_getvar
42c0c0c0 T s3c_usbctl_init
42c0c248 T fboot_usbctl_init
42c0c268 T fastboot_init
42c0c334 T s3c_usb_stop
42c0c348 T fastboot_shutdown
42c0c34c T dwc_otg_get_ep0_state
42c0c35c T dwc_otg_clear_ep0_state
42c0c370 T s3c_udc_int_hndlr
42c0e3d8 T fastboot_poll
42c0e448 T fastboot_tx_status
42c0e4a4 T otg_clk_enable
42c0e4a8 T otg_phy_init
42c0e5a8 T otg_phy_off
42c0e660 t boot_jump_linux.isra.4
42c0e704 T arch_lmb_reserve
42c0e728 t boot_prep_linux.isra.5
42c0e82c T do_bootm_linux
42c0e888 T boot_prep_vxworks
42c0e88c T boot_jump_vxworks
42c0e898 T interrupt_init
42c0e8b4 T enable_interrupts
42c0e8b8 T disable_interrupts
42c0e8c0 T bad_mode
42c0e8d0 T show_regs
42c0ea0c T do_undefined_instruction
42c0ea2c T do_software_interrupt
42c0ea4c T do_prefetch_abort
42c0ea6c T do_data_abort
42c0ea8c T do_not_used
42c0eaac T do_fiq
42c0eacc T do_irq
42c0eaec T do_reset
42c0eb18 t cp_delay
42c0eb48 T icache_disable
42c0eb64 T dcache_disable
42c0eb8c t bd_gpio_init
42c0ecac t bd_update_env
42c0ef20 T board_mmc_bootdev
42c0ef30 T board_early_init_f
42c0f08c T board_init
42c0f144 T power_init_board
42c0f148 T bd_display_run
42c0f1b4 T board_late_init
42c0f304 t crc8
42c0f33c t wait_loops.constprop.0
42c0f354 t onewire_session
42c0f4b8 T onewire_init
42c0f4e0 T onewire_get_info
42c0f550 T onewire_get_lcd_id
42c0f560 T onewire_set_backlight
42c0f5c4 t s430_gpio_init
42c0f5ec t hd101_gpio_init
42c0f614 t s70_gpio_init
42c0f668 T nanopi2_setup_lcd_by_id
42c0f6b0 T nanopi2_setup_lcd_by_name
42c0f7a0 T nanopi2_get_lcd
42c0f7c4 T nanopi2_get_lcd_name
42c0f7e8 T nanopi2_get_lcd_density
42c0f80c t nxp_platform_disp_init.isra.0.constprop.1
42c0f900 T bd_display
42c0fba0 T fboot_lcd_start
42c0fc3c T fboot_lcd_stop
42c0fc4c T fboot_lcd_part
42c0fca8 T fboot_lcd_down
42c0fd00 T fboot_lcd_flash
42c0fd5c T fboot_lcd_status
42c0fdb4 T __show_boot_progress
42c0fdb4 W show_boot_progress
42c0fdb8 T main_loop
42c0fdd8 T find_cmd_tbl
42c0fe7c T find_cmd
42c0fea4 T cmd_usage
42c0ff00 T _do_help
42c10080 T cmd_get_data_size
42c100dc T cmd_process
42c101d0 t dummy
42c101d4 T get_version
42c101dc T jumptable_init
42c1037c T hash_command
42c1041c t b_reset
42c10438 t static_get
42c10454 t static_peek
42c10460 t file_peek
42c1046c t mapset
42c1048c t syntax_err
42c10498 t free_pipe_list
42c10588 t xmalloc
42c105a8 t new_pipe
42c105d0 t xrealloc
42c105f0 t done_command
42c10678 t done_pipe
42c106c0 t done_word
42c10998 t do_showvar
42c10a94 t is_assignment
42c10af0 t file_get
42c10cdc t b_addchr
42c10d54 t b_addqchr
42c10da4 T get_local_var
42c10e44 T set_local_var
42c10ff0 t insert_var_value_sub
42c112b0 T parse_string_outer
42c11394 t run_list_real
42c11b78 t parse_stream_outer
42c12248 T parse_file_outer
42c1228c T u_boot_hush_start
42c122e0 T run_command
42c122e8 T run_command_list
42c12344 T do_run
42c123b8 T cli_loop
42c123c4 T cli_init
42c123c8 t delete_char.part.0
42c12498 t cread_add_char
42c12580 T cli_readline_into_buffer
42c12e8c T cli_readline
42c12ea0 T bootdelay_process
42c12eec T autoboot_command
42c12fe4 t trace_early_init
42c12fec t display_text_info
42c12ff4 t setup_mon_len
42c13014 t reserve_round_4k
42c1302c t reserve_mmu
42c13064 t reserve_trace
42c1306c t reserve_uboot
42c1309c t reserve_malloc
42c130b0 t setup_machine
42c130b8 t reserve_global_data
42c130d4 t reserve_fdt
42c13120 t reserve_stacks
42c13154 t display_new_sp
42c1315c t setup_reloc
42c13188 t reloc_fdt
42c131b8 t reserve_board
42c131e8 t announce_dram_init
42c13200 t init_func_i2c
42c13234 t init_baud_rate
42c13260 t setup_fdt
42c13288 t mark_bootstage
42c1329c T __board_add_ram_info
42c1329c W board_add_ram_info
42c132a0 t show_dram_config
42c132d8 t setup_dram_config
42c132e8 W board_get_usable_ram_top
42c132f0 t setup_dest_addr
42c1332c T board_init_f
42c13378 t bootstage_relocate
42c13380 t initr_trace
42c13388 t initr_reloc_global_data
42c133b0 t initr_barrier
42c133b8 t initr_announce
42c133c0 T initr_mmc
42c133e0 t run_main_loop
42c133ec t initr_enable_interrupts
42c133fc t initr_jumptable
42c1340c t initr_env
42c1343c t initr_malloc
42c13458 t initr_serial
42c13468 t initr_caches
42c13478 t initr_reloc
42c13498 T __cpu_secondary_init_r
42c13498 W cpu_secondary_init_r
42c1349c t initr_secondary_cpu
42c134ac T board_init_r
42c134c4 W do_go_exec
42c134d4 t do_go
42c13540 T do_bootm
42c13650 T do_bootd
42c13670 t image_info
42c1373c t do_iminfo
42c1379c T bootm_find_ramdisk_fdt
42c137e8 T do_bootm_states
42c13f44 t do_bootm_standalone
42c13fa8 t do_bootm_plan9
42c14078 T do_bootvx_fdt
42c140b4 t do_bootm_vxworks
42c140d8 T boot_selected_os
42c14130 T bootm_os_get_boot_func
42c14140 t do_help
42c14188 t do_version
42c141c0 T env_attr_walk
42c142d4 T env_attr_lookup
42c14460 t clear_callback
42c14470 t find_env_callback
42c144d8 t on_callbacks
42c14520 t set_callback
42c145b4 T env_callback_init
42c14678 t clear_flags
42c14688 t on_flags
42c146d0 T env_flags_parse_vartype
42c14720 T env_flags_parse_varaccess
42c14778 t set_flags
42c14824 T env_flags_init
42c148fc T env_flags_validate
42c14b24 t init_mmc_for_env
42c14b58 W mmc_get_env_addr
42c14b68 T env_init
42c14b84 T saveenv
42c14c80 T env_relocate_spec
42c14d44 T source
42c14e1c T do_source
42c14e60 t print_num
42c14e78 T do_bdinfo
42c14f38 t do_exit
42c14f68 T do_ext4_load
42c14f80 T do_ext4_ls
42c14f98 T do_ext4_write
42c15088 T do_fat_fsload
42c150a0 t do_fat_ls
42c150b8 t do_fat_fsinfo
42c15148 t do_fat_fswrite
42c15244 t get_alen
42c15280 t do_i2c
42c152e4 t do_i2c_reset
42c15300 t do_i2c_mw
42c153ec t do_i2c_read
42c1549c t do_i2c_probe
42c15538 t do_i2c_md
42c15714 t do_i2c_crc
42c1582c T do_i2c_bus_num
42c158a0 t do_i2c_write
42c15990 t do_i2c_loop
42c15a70 t mod_i2c_mem.isra.3
42c15c68 t do_i2c_nm
42c15c70 t do_i2c_mm
42c15c78 t do_i2c_bus_speed
42c15cec t do_mem_mw
42c15dac t do_mem_loop
42c15e98 t do_mem_md
42c15f84 t do_mem_cmp
42c160f0 t do_mem_base
42c16130 t do_mem_cp
42c16208 t do_mem_crc
42c16250 t do_mem_mtest
42c16424 t mod_mem.isra.2
42c16588 t do_mem_mm
42c16590 t do_mem_nm
42c16598 t do_mmcops
42c1664c t init_mmc_device
42c166a0 t do_mmc_rescan
42c166c4 t do_mmc_list
42c166d8 t do_mmc_dev
42c1680c t do_mmc_part
42c16868 t do_mmc_erase
42c16950 t do_mmc_write
42c16a08 t do_mmc_read
42c16af4 t do_mmcinfo
42c16c6c t do_mmc_setdsr
42c16d1c t do_false
42c16d24 t do_true
42c16d2c t do_test
42c17068 t do_env_delete
42c17104 t do_env_save
42c17130 t do_env
42c17194 t env_print
42c17254 t do_env_print
42c17318 t do_env_import
42c17578 t do_env_default
42c17620 t _do_env_set.isra.1
42c177d8 t do_env_set
42c177f4 T setenv
42c1784c T setenv_hex
42c17880 t do_env_export
42c17ae0 T envmatch
42c17b4c T getenv_f
42c17c0c T getenv
42c17c84 T getenv_ulong
42c17cb4 W env_get_char_spec
42c17cb4 t __env_get_char_spec
42c17cc0 T env_get_addr
42c17ce0 T env_get_char_memory
42c17cf0 T env_get_char
42c17d20 T getenv_yesno
42c17d60 T getenv_default
42c17d90 T set_default_env
42c17e4c T set_default_vars
42c17e80 T env_import
42c17f5c T env_export
42c17ffc T env_relocate
42c1802c t console_setfile
42c180d0 T fgetc
42c180f4 T ftstc
42c18118 T getc
42c1813c T tstc
42c18160 T putc
42c18190 T puts
42c181c0 T printf
42c18210 T vprintf
42c1824c T ctrlc
42c182a4 T had_ctrlc
42c182b4 T clear_ctrlc
42c182c8 T search_device
42c182f0 T console_assign
42c18338 t on_console
42c183f8 T console_init_f
42c18408 T stdio_print_current_devices
42c184b8 T console_init_r
42c18598 T sbrk
42c18608 T mem_malloc_init
42c1863c T malloc_trim
42c18708 T free
42c18938 T malloc
42c18f40 T calloc
42c19014 T realloc
42c194d4 T memalign
42c195e0 t on_loadaddr
42c19618 T image_check_hcrc
42c19664 T image_check_dcrc
42c1969c T image_multi_count
42c196b8 T image_multi_getimg
42c19738 T getenv_bootm_low
42c19768 T getenv_bootm_size
42c197c4 T memmove_wd
42c197d0 T genimg_print_size
42c19800 T get_table_entry_name
42c1982c T genimg_get_os_name
42c19844 T genimg_get_arch_name
42c1985c T genimg_get_type_name
42c19874 T genimg_get_comp_name
42c1988c T image_print_contents
42c19a00 T genimg_get_format
42c19a1c T genimg_get_image
42c19a20 T boot_get_ramdisk
42c19c58 T boot_ramdisk_high
42c19d88 W get_effective_memsize
42c19d90 T stdio_get_list
42c19d9c T stdio_get_by_name
42c19df8 T stdio_clone
42c19e30 T stdio_register
42c19e6c T stdio_init
42c19f08 T get_dev_hwpart
42c19fb8 T dev_print
42c1a1d0 T init_part
42c1a1f0 T print_part
42c1a2f4 T get_partition_info
42c1a320 T get_device
42c1a434 T get_device_and_partition
42c1a874 t test_block_type
42c1a8f8 t print_partition_extended
42c1ab70 t get_partition_info_extended.constprop.2
42c1ae44 T test_part_dos
42c1aea8 T print_part_dos
42c1aedc T get_partition_info_dos
42c1aefc t mmc_set_ios
42c1af14 t mmc_set_capacity
42c1afbc W board_mmc_getwp
42c1afc4 T mmc_getwp
42c1b000 T __board_mmc_getcd
42c1b000 W board_mmc_getcd
42c1b008 T mmc_send_cmd
42c1b018 t mmc_go_idle
42c1b064 t mmc_send_op_cond_iter
42c1b0e4 t mmc_send_ext_csd
42c1b130 T mmc_send_status
42c1b200 t mmc_switch.isra.1
42c1b254 T mmc_set_blocklen
42c1b294 T find_mmc_device
42c1b2e0 t mmc_bread
42c1b424 T mmc_send_op_cond
42c1b498 T mmc_complete_op_cond
42c1b524 T mmc_switch_part
42c1b570 T mmc_select_hwpart
42c1b5dc T mmc_getcd
42c1b618 T mmc_set_clock
42c1b63c t mmc_startup
42c1c11c T mmc_create
42c1c218 T mmc_start_init
42c1c438 T mmc_init
42c1c4c4 T mmc_get_dev
42c1c4f0 T mmc_set_dsr
42c1c4fc W cpu_mmc_init
42c1c4fc t __def_mmc_init
42c1c504 T print_mmc_devices
42c1c570 T get_mmc_num
42c1c580 T mmc_initialize
42c1c5f4 t dwmci_setup_bus.part.3
42c1c6f8 t dwmci_set_ios
42c1c784 t dwmci_init
42c1c890 T dwmci_prepare_data
42c1c9fc t dwmci_send_cmd
42c1cc10 T add_dwmci
42c1cc98 T mmc_berase
42c1ce30 T mmc_bwrite
42c1cf94 T check_reg
42c1cfc0 T pmic_alloc
42c1d018 T pmic_get
42c1d070 T power_get_interface
42c1d09c T do_pmic
42c1d384 T pmic_reg_write
42c1d468 T pmic_reg_read
42c1d570 T pmic_probe
42c1d5a8 t get_current
42c1d5e8 W altera_jtag_serial_initialize
42c1d5e8 W altera_serial_initialize
42c1d5e8 W amirix_serial_initialize
42c1d5e8 W arc_serial_initialize
42c1d5e8 W arm_dcc_initialize
42c1d5e8 W asc_serial_initialize
42c1d5e8 W atmel_serial_initialize
42c1d5e8 W au1x00_serial_initialize
42c1d5e8 W bfin_jtag_initialize
42c1d5e8 W bfin_serial_initialize
42c1d5e8 W bmw_serial_initialize
42c1d5e8 W clps7111_serial_initialize
42c1d5e8 W cogent_serial_initialize
42c1d5e8 W cpci750_serial_initialize
42c1d5e8 W evb64260_serial_initialize
42c1d5e8 W imx_serial_initialize
42c1d5e8 W iop480_serial_initialize
42c1d5e8 W jz_serial_initialize
42c1d5e8 W ks8695_serial_initialize
42c1d5e8 W leon2_serial_initialize
42c1d5e8 W leon3_serial_initialize
42c1d5e8 W lh7a40x_serial_initialize
42c1d5e8 W lpc32xx_serial_initialize
42c1d5e8 W marvell_serial_initialize
42c1d5e8 W max3100_serial_initialize
42c1d5e8 W mcf_serial_initialize
42c1d5e8 W ml2_serial_initialize
42c1d5e8 W mpc512x_serial_initialize
42c1d5e8 W mpc5xx_serial_initialize
42c1d5e8 W mpc8260_scc_serial_initialize
42c1d5e8 W mpc8260_smc_serial_initialize
42c1d5e8 W mpc85xx_serial_initialize
42c1d5e8 W mpc8xx_serial_initialize
42c1d5e8 W mxc_serial_initialize
42c1d5e8 W mxs_auart_initialize
42c1d5e8 W ns16550_serial_initialize
42c1d5e8 W oc_serial_initialize
42c1d5e8 W p3mx_serial_initialize
42c1d5e8 W pl01x_serial_initialize
42c1d5e8 W pxa_serial_initialize
42c1d5e8 W s3c24xx_serial_initialize
42c1d5e8 W sa1100_serial_initialize
42c1d5e8 W sandbox_serial_initialize
42c1d5e8 W sconsole_serial_initialize
42c1d5e8 W sh_serial_initialize
42c1d5e8 W uartlite_serial_initialize
42c1d5e8 W zynq_serial_initialize
42c1d5e8 t serial_null
42c1d5ec T serial_register
42c1d604 T serial_stdio_init
42c1d68c T serial_assign
42c1d6d8 T serial_initialize
42c1d7a8 T serial_init
42c1d7bc T serial_setbrg
42c1d7d0 t on_baudrate
42c1d8bc T serial_getc
42c1d8d0 T serial_tstc
42c1d8e4 T serial_putc
42c1d900 T serial_puts
42c1d950 t fs_probe_unsupported
42c1d968 t fs_ls_unsupported
42c1d970 t fs_exists_unsupported
42c1d978 t fs_read_unsupported
42c1d980 t fs_write_unsupported
42c1d988 t fs_close_unsupported
42c1d98c t fs_get_info
42c1d9c0 t fs_close
42c1d9e8 T fs_set_blk_dev
42c1daa0 T fs_ls
42c1dadc T fs_exists
42c1db10 T fs_read
42c1db94 T do_load
42c1dd44 T do_ls
42c1ddac T file_exists
42c1ddd8 T get_fs
42c1dde4 T ext4fs_free_node
42c1de04 T ext4fs_read_file
42c1e060 T ext4fs_ls
42c1e0d8 T ext4fs_exists
42c1e0ec T ext4fs_read
42c1e12c T ext4fs_probe
42c1e15c T ext4_read_file
42c1e1c0 T ext4fs_div_roundup
42c1e1e0 T put_ext4
42c1e388 T ext4fs_set_block_bmap
42c1e438 T ext4fs_reset_block_bmap
42c1e4d4 T ext4fs_set_inode_bmap
42c1e548 T ext4fs_reset_inode_bmap
42c1e5b8 T ext4fs_checksum_update
42c1e618 T ext4fs_get_new_blk_no
42c1e9bc T ext4fs_get_new_inode_no
42c1ed3c T ext4fs_allocate_blocks
42c1f354 T ext4fs_read_inode
42c1f488 T ext4fs_iget
42c1f4b8 T read_allocated_block
42c1fe04 T ext4fs_update_parent_dentry
42c201a0 t search_dir
42c202d0 T ext4fs_get_parent_inode_num
42c206d8 T ext4fs_filename_check
42c20844 T ext4fs_reinit_global
42c20900 T ext4fs_close
42c20960 T ext4fs_iterate_dir
42c20bd8 t ext4fs_find_file1
42c20e64 T ext4fs_find_file
42c20edc T ext4fs_open
42c20f78 T ext4fs_mount
42c2103c T ext4fs_set_blk_dev
42c210a8 T ext4fs_devread
42c21300 T ext4_read_superblock
42c2133c t ext4fs_update
42c21428 T ext4fs_get_bgdtable
42c214fc T ext4fs_deinit
42c216a0 T ext4fs_init
42c2195c T ext4fs_write
42c22c08 T ext4fs_dump_metadata
42c22c60 T ext4fs_free_journal
42c22d48 T ext4fs_log_gdt
42c22e14 T ext4fs_log_journal
42c22f00 T ext4fs_put_metadata
42c22fbc T ext4fs_push_revoke_blk
42c23094 T ext4fs_free_revoke_blks
42c23104 T check_blknr_for_revoke
42c23170 T recover_transaction
42c232d8 T print_jrnl_status
42c232f0 T ext4fs_check_journal_state
42c2360c T ext4fs_init_journal
42c23880 T ext4fs_update_journal
42c23bc4 T ext2fs_crc16
42c23c00 t downcase
42c23c30 t disk_read
42c23c94 t dirdelim
42c23cc4 t get_fatent
42c23e18 t mkcksum
42c23e68 t check_overflow
42c23edc t disk_write
42c23f60 t flush_fat_buffer
42c23fe0 t set_fatent_value
42c240f4 t get_fatent_value
42c242bc t get_cluster
42c2442c t get_name
42c244d8 t set_cluster
42c2459c t set_contents
42c24794 t read_bootsectandvi
42c248bc t set_name
42c249f8 t slot2str
42c24ab4 t get_vfatname
42c24c6c t flush_dir_table.constprop.7
42c24d4c t do_fat_write
42c256b8 T fat_set_blk_dev
42c25784 T do_fat_read_at
42c262a4 T do_fat_read
42c262d0 T file_fat_detectfs
42c26418 T file_fat_ls
42c26428 T fat_exists
42c26454 T file_fat_read_at
42c26470 T fat_read_file
42c264ac T fat_close
42c264b0 T file_fat_write
42c264e4 T zcalloc
42c264ec T zcfree
42c264f4 T inflate_fast
42c26a84 T inflate_table
42c26fcc T inflateReset
42c27044 T inflateInit2_
42c27148 T inflateEnd
42c271b0 T adler32
42c274e8 T inflate
42c289d8 T gzalloc
42c289e8 T gzfree
42c289f0 T zunzip
42c28b14 T gunzip
42c28bcc T initcall_run_list
42c28c28 t lmb_add_region
42c28dcc T lmb_init
42c28df4 T lmb_add
42c28df8 T lmb_reserve
42c28e00 T lmb_overlaps_region
42c28e58 T __lmb_alloc_base
42c28f60 T lmb_alloc_base
42c28f94 T lmb_alloc
42c28f9c T __board_lmb_reserve
42c28f9c W board_lmb_reserve
42c28fa0 T qsort
42c2907c t cmpkey
42c29090 t _hdelete.isra.1
42c290e0 t drop_var_from_set.part.2
42c29130 t match_string.isra.3
42c29190 T hcreate_r
42c29240 T hdestroy_r
42c292b8 T hsearch_r
42c29794 T hdelete_r
42c2986c T hexport_r
42c29b7c T himport_r
42c29ec8 T hwalk_r
42c29f20 T display_options
42c29f40 T print_size
42c2a070 T print_buffer
42c2a224 T crc32_no_comp
42c2a2fc T crc32
42c2a310 T crc32_wd
42c2a314 T __div64_32
42c2a3e4 T hang
42c2a400 T skip_spaces
42c2a428 T strim
42c2a488 T strncasecmp
42c2a524 T strcasecmp
42c2a52c T strcpy
42c2a544 T strncpy
42c2a568 T strcat
42c2a598 T strncat
42c2a5ec T strcmp
42c2a614 T strncmp
42c2a650 T strchr
42c2a67c T strlen
42c2a69c T strrchr
42c2a6d8 T strnlen
42c2a704 T strdup
42c2a744 T strspn
42c2a780 T strpbrk
42c2a7bc T strtok
42c2a844 T memset
42c2a8a0 T memcpy
42c2a90c T memmove
42c2a954 T memcmp
42c2a984 T strstr
42c2a9f0 T udelay
42c2aa20 T mdelay
42c2aa44 t put_dec
42c2ac48 t number.isra.1
42c2ae98 t vsnprintf_internal.isra.3
42c2b320 T simple_strtoul
42c2b3d8 T strict_strtoul
42c2b450 T simple_strtol
42c2b478 T simple_strtoull
42c2b554 T vsprintf
42c2b558 T sprintf
42c2b580 T panic
42c2b5c4 T simple_itoa
42c2b618 T __udivsi3
42c2b618 t .udivsi3_skip_div0_test
42c2b618 t __aeabi_uidiv
42c2b804 t __aeabi_uidivmod
42c2b824 T __divsi3
42c2b824 t __aeabi_idiv
42c2b82c t .divsi3_skip_div0_test
42c2ba44 t __aeabi_idivmod
42c2ba64 T __lshrdi3
42c2ba64 t __aeabi_llsr
42c2ba80 T __ashldi3
42c2ba80 t __aeabi_llsl
42c2ba9c t __aeabi_uldivmod
42c2bad8 t __aeabi_idiv0
42c2bad8 t __aeabi_ldiv0
42c2bae8 T __gnu_ldivmod_helper
42c2bb24 t __gnu_uldivmod_helper
42c2bb60 t __divdi3
42c2bce0 t __udivdi3
42c2c2a0 r ALPHAPIXELTABLE
42c2c2ac r PUTPIXELTABLE
42c2c2c4 r PUTPIXELTABLE
42c2c2d0 r PhysicalAddr.4027
42c2c374 r PhysicalAddr.4138
42c2c388 r PhysicalAddr.4233
42c2c39c r block_drvr
42c2c3b4 r boot_os
42c2c414 r clk_core
42c2c438 r crc_table
42c2c838 r dwmci_ops
42c2c84c r env_flags_varaccess_mask
42c2c85c r ext_csd_bits.12598
42c2c870 r ext_to_hostcaps.12599
42c2c88c r f_cmd_seqs
42c2c8cc r f_reserve_part
42c2c8dc r fbase
42c2c8ec r gs_ConfigDescriptorFS
42c2c90c r gs_ConfigDescriptorHS
42c2c92c r multipliers
42c2c96c R op_adv
42c2ca6c r ptable
42c2caec r udivslot
42c2cb2c r uimage_arch
42c2cc4c r uimage_comp
42c2cc94 r uimage_os
42c2cd00 r uimage_type
42c2cdf0 r widths.12600
42c2ce04 r crc16_table
42c2d004 r dbase.12519
42c2d044 r dext.12520
42c2d084 r distfix
42c2d104 r lbase.12517
42c2d142 r lenfix
42c2d942 r lext.12518
42c2d980 r order.12613
42c2da6c r CSWTCH.23
42c2da82 r __func__.12223
42c2da98 r __func__.12349
42c2daa8 r __func__.12355
42c2dab7 r __func__.12365
42c2dac2 r __func__.12368
42c2dad0 r __func__.12372
42c2dadb r __func__.12429
42c2dae6 r __func__.12468
42c2daf5 r __func__.12494
42c2db03 r __func__.12494
42c2db12 r __func__.12524
42c2db21 r __func__.12560
42c2db34 r __func__.12569
42c2db48 r __func__.12576
42c2db58 r __func__.12660
42c2db68 r __func__.12668
42c2db78 r __func__.12681
42c2db86 r __func__.12716
42c2db94 r __func__.12895
42c2dbb0 r __func__.12973
42c2dbbf R _ctype
42c2dcbf r axp228_ocv_table
42c2dcdf R config_full
42c2dce8 R config_full_total
42c2dd08 R default_environment
42c2de26 r delims.12228
42c2de29 r digits.12231
42c2de39 r dither_pattern5
42c2de81 r dither_pattern6
42c2de91 R dnw_string_desc1
42c2dea7 R dnw_string_desc2
42c2ded3 r env_flags_varaccess_rep
42c2ded8 r env_flags_vartype_rep
42c2dedd r erase_seq
42c2dee1 R fboot_string_desc1
42c2def9 R fboot_string_desc2
42c2df11 R fboot_string_desc3
42c2df2d R font8x16
42c2e72d r hdmiphy_preset148_5
42c2e74d r hdmiphy_preset74_25
42c2e76d r name.12466
42c2e778 r name.12492
42c2e782 r name.12658
42c2e78e r name.12666
42c2e79a r names.12265
42c35419 R string_desc0
42c3541d r tab_seq
42c35426 V version_string
42c35488 d gs_DeviceDescriptorFS
42c3549c d gs_DeviceDescriptorHS
42c354b0 d f_devices
42c35840 d f_interface
42c3585c d f_interface
42c35878 d android_drvier
42c3587c d f_part_fs
42c358cc D parse_part_seqs
42c358e0 d write_raw_chunk_cb
42c358e4 d timerinit
42c358e8 d i2c_bus
42c358ec d i2c_ptr
42c358f0 d support_dvfs
42c358f4 d clk_periphs
42c362f4 d TIMER_HZ
42c362f8 d TIMER_FREQ
42c362fc D i2c_devices
42c3635c D __g_NX_GPIO_VALID_BIT
42c36370 d clock_in
42c36374 d s5p_serial_device
42c363a4 d power_pmic_ops_axp228
42c363b0 d power_bat_ops_axp228
42c363c8 d power_muic_ops_axp228
42c363d4 d power_fg_ops_axp228
42c363e0 D test_pkt
42c36418 d mmc_boot_dev
42c3641c d current_brightness
42c36420 d lcd_id
42c36424 d wxga_hd702
42c36470 d hdmi_def
42c364bc d nanopi2_hdmi_config
42c365c4 d wsvga_x710
42c36610 d qvga_w35
42c3665c d nanopi2_lcd_config
42c367c4 d wvga_s430
42c36810 d hvga_h43
42c3685c d wxga_hd700
42c368a8 d wvga_s70d
42c368f4 d wxga_hd101
42c36940 d wsvga_w101
42c3698c d vga_l80
42c369d8 d xga_lq150
42c36a24 d xga_a97
42c36a70 d wvga_w50
42c36abc d wvga_s70
42c36b08 d wxga_bp101
42c36b54 d hvga_p43
42c36ba0 d reserved_list
42c36c24 d hist_cur
42c36c28 d init_sequence_f
42c36cb0 D init_sequence_r
42c36d08 d bootm_help_text
42c36f50 d cmd_bootm_sub
42c37010 d first_call
42c37014 d first_call
42c37018 D env_name_spec
42c3701c d source_help_text
42c3706a d i2c_help_text
42c3736c d cmd_i2c_sub
42c3748c d i2c_dp_last_length
42c37490 d dp_last_length
42c37494 d curr_device
42c37498 d cmd_mmc
42c37570 d env_help_text
42c37760 d env_id
42c37764 d cmd_env_sub
42c37824 D env_htab
42c37834 d av_
42c37c3c d sbrk_base
42c37c40 d trim_threshold
42c37c44 D load_addr
42c37c48 D stdio_names
42c37c54 d cur_dev_num
42c37c58 d pmic_list
42c37c60 d fstypes
42c37cc0 d prev_inode_bitmap_index.12849
42c37cc4 D ext4fs_indir1_blkno
42c37cc8 d prev_bg_bitmap_index.12830
42c37ccc D ext4fs_indir2_blkno
42c37cd0 D ext4fs_indir3_blkno
42c37cd4 d prev_bg_bmap_idx.12594
42c37cd8 d prev_bg_bmap_idx.12574
42c37cdc d prev_bg_bmap_idx.12560
42c37ce0 d prev_bg_bmap_idx.12626
42c37ce4 d first_node
42c37cf4 D _u_boot_list_2_cmd_2_0
42c37cf4 d start.12121
42c37cf4 d start.12125
42c37cf4 d start.12170
42c37cf4 d start.12174
42c37d0c D _u_boot_list_2_cmd_2_1
42c37d24 D _u_boot_list_2_cmd_2_base
42c37d3c D _u_boot_list_2_cmd_2_bdinfo
42c37d54 D _u_boot_list_2_cmd_2_boot
42c37d6c D _u_boot_list_2_cmd_2_bootd
42c37d84 D _u_boot_list_2_cmd_2_bootm
42c37d9c D _u_boot_list_2_cmd_2_cmd
42c37db4 D _u_boot_list_2_cmd_2_cmp
42c37dcc D _u_boot_list_2_cmd_2_cp
42c37de4 D _u_boot_list_2_cmd_2_crc32
42c37dfc D _u_boot_list_2_cmd_2_drawbmp
42c37e14 D _u_boot_list_2_cmd_2_env
42c37e2c D _u_boot_list_2_cmd_2_exit
42c37e44 D _u_boot_list_2_cmd_2_ext4load
42c37e5c D _u_boot_list_2_cmd_2_ext4ls
42c37e74 D _u_boot_list_2_cmd_2_ext4write
42c37e8c D _u_boot_list_2_cmd_2_fastboot
42c37ea4 D _u_boot_list_2_cmd_2_fatinfo
42c37ebc D _u_boot_list_2_cmd_2_fatload
42c37ed4 D _u_boot_list_2_cmd_2_fatls
42c37eec D _u_boot_list_2_cmd_2_fatwrite
42c37f04 D _u_boot_list_2_cmd_2_fdisk
42c37f1c D _u_boot_list_2_cmd_2_go
42c37f34 D _u_boot_list_2_cmd_2_goimage
42c37f4c D _u_boot_list_2_cmd_2_help
42c37f64 D _u_boot_list_2_cmd_2_i2c
42c37f7c D _u_boot_list_2_cmd_2_i2cmod
42c37f94 D _u_boot_list_2_cmd_2_iminfo
42c37fac D _u_boot_list_2_cmd_2_loadbmp
42c37fc4 D _u_boot_list_2_cmd_2_loop
42c37fdc D _u_boot_list_2_cmd_2_md
42c37ff4 D _u_boot_list_2_cmd_2_mm
42c3800c D _u_boot_list_2_cmd_2_mmc
42c38024 D _u_boot_list_2_cmd_2_mmcinfo
42c3803c D _u_boot_list_2_cmd_2_mtest
42c38054 D _u_boot_list_2_cmd_2_mw
42c3806c D _u_boot_list_2_cmd_2_nm
42c38084 D _u_boot_list_2_cmd_2_pmic
42c3809c D _u_boot_list_2_cmd_2_printenv
42c380b4 D _u_boot_list_2_cmd_2_question_mark
42c380cc D _u_boot_list_2_cmd_2_reset
42c380e4 D _u_boot_list_2_cmd_2_run
42c380fc D _u_boot_list_2_cmd_2_saveenv
42c38114 D _u_boot_list_2_cmd_2_setenv
42c3812c D _u_boot_list_2_cmd_2_showvar
42c38144 D _u_boot_list_2_cmd_2_source
42c3815c D _u_boot_list_2_cmd_2_test
42c38174 D _u_boot_list_2_cmd_2_udown
42c3818c D _u_boot_list_2_cmd_2_update_mmc
42c381a4 D _u_boot_list_2_cmd_2_version
42c381bc D _u_boot_list_2_env_clbk_2_baudrate
42c381bc d end.12128
42c381bc d end.12177
42c381bc d start.12264
42c381bc d start.12271
42c381c4 D _u_boot_list_2_env_clbk_2_callbacks
42c381cc D _u_boot_list_2_env_clbk_2_console
42c381d4 D _u_boot_list_2_env_clbk_2_flags
42c381dc D _u_boot_list_2_env_clbk_2_loadaddr
42c381e4 d end.12267
42c3de5c R _end
42c3de5c R _image_binary_end
42c3e000 B __bss_base
42c3e000 B __bss_start
42c3e000 b params
42c3e004 b _bmp_base
42c3e008 b _lcd_height
42c3e00c b _lcd_width
42c3e010 b _lcd_bpp
42c3e014 b st_lcd_info
42c3e050 b st_msg_info
42c3e094 b pUSBBootStatus
42c3e098 b f_status
42c3e0b0 b usb_dev_descript
42c3e0c8 b init_parts.13504
42c3e0cc B global_descriptor
42c3e0d0 b stacks
42c3e100 b core_hz
42c3e150 b st_clk_devs
42c3e460 b timestamp
42c3e464 b time_lock
42c3e468 b lastdec
42c3e46c b bInit.3967
42c3e470 b __g_pRegister
42c3e474 b __g_pRegister
42c3e478 b __g_pRegister
42c3e47c b __g_pRegister
42c3e480 b __g_pRegister
42c3e494 b __g_pRegister
42c3e498 b __g_pRegister
42c3e49c b bInit.4016
42c3e4a0 B __g_ModuleVariables
42c3e544 b __g_ModuleVariables
42c3e558 b __g_ModuleVariables
42c3e55c b __g_ModuleVariables
42c3e560 b __g_ModuleVariables
42c3e56c b __g_ModuleVariables
42c3e570 b __g_ModuleVariables
42c3e584 b __g_ModuleVariables
42c3e58c b __g_ModuleVariables
42c3e594 b __g_ModuleVariables
42c3e5a0 b bInit.4236
42c3e5a4 b bInit.4328
42c3e5a8 b bInit.4464
42c3e5ac b bInit.4219
42c3e5b0 b bInit.3959
42c3e5b4 b bInit.4027
42c3e5b8 b bInit.4064
42c3e5bc b bInit.4127
42c3e5c0 b bInit.5257
42c3e5c4 b bInit.5257
42c3e5c8 B HDMI_BaseAddr
42c3e5cc b bInit.4139
42c3e5d0 b battery_axp228
42c3e5e8 B host
42c3e5ec b serial_number.13464
42c3e60c b fastboot_interface
42c3e610 B fboot_response_flag
42c3e614 B reply_msg
42c3e618 B get_intf
42c3e619 B get_status
42c3e61e B otg
42c3e6a4 B remode_wakeup
42c3e6a8 B op_mode
42c3e6ac B s3c_usbd_dn_addr
42c3e6b0 b s_ep0state
42c3e6b4 B s3c_usbd_dn_cnt
42c3e6b8 b device_strings
42c3e6d0 B config_value
42c3e6d4 B transfer_size
42c3e6d8 b fastboot_bulk_fifo
42c3e8dc B is_fastboot
42c3e8e0 B s3c_receive_done
42c3e8e4 B speed
42c3e8e8 b params
42c3e8ec b display_init.13352
42c3e8f0 b lcd_idx
42c3e8f4 b flag_repeat
42c3e8f8 b ifs
42c3e8fc b buf.12621
42c3e924 b the_command.12421
42c3ed28 b last_return_code
42c3ed2c b map
42c3ee2c b do_repeat
42c3ee30 b top_vars
42c3ee34 b hist_list
42c3ee84 b hist_lines
42c43e98 b initted.12300
42c43e9c b hist_add_idx
42c43ea0 b hist_num
42c43ea4 b hist_max
42c43ea8 B console_buffer
42c442ac b stored_bootdelay
42c442b0 B monitor_flash_len
42c442b4 B images
42c443e4 b callback_list
42c443e8 b flags_list
42c443ec b i2c_mm_last_addr
42c443f0 b i2c_mm_last_chip
42c443f4 b i2c_mm_last_alen
42c443f8 b i2c_dp_last_chip
42c443fc b i2c_dp_last_addr
42c44400 b i2c_dp_last_alen
42c44404 b dp_last_addr
42c44408 b base_address
42c4440c b mm_last_size
42c44410 b mm_last_addr
42c44414 b dp_last_size
42c44418 b ctrlc_was_pressed
42c4441c b ctrlc_disabled
42c44420 b max_total_mem
42c44424 B mem_malloc_brk
42c44428 b max_sbrked_mem
42c4442c b current_mallinfo
42c44454 B mem_malloc_end
42c44458 b top_pad
42c4445c B mem_malloc_start
42c44460 b devs
42c4449c B stdio_devices
42c444a8 b mmc_devices
42c444b0 b serial_devices
42c444b4 b serial_lock
42c444b8 b serial_current
42c444bc b fs_partition
42c4450c b fs_type
42c44510 b fs_dev_desc
42c44514 b fs_lock
42c44518 B ext_fs
42c44560 B ext4fs_indir3_block
42c44564 B ext4fs_root
42c44568 B ext4fs_indir3_size
42c4456c B ext4fs_indir2_size
42c44570 B ext4fs_indir1_block
42c44574 B ext4fs_indir2_block
42c44578 B ext4fs_indir1_size
42c4457c b symlinknest
42c44580 B ext4fs_file
42c44584 B g_parent_inode
42c44588 b part_info
42c4458c b ext4fs_block_dev_desc
42c44590 B part_offset
42c44594 B journal_ptr
42c44724 b revk_blk_list
42c44728 B gindex
42c4472c B gd_index
42c44730 B dirty_block_ptr
42c448c0 b prev_node
42c448c4 B jrnl_blk_idx
42c44900 B get_contents_vfatname_block
42c54900 B do_fat_read_at_block
42c64900 B get_dentfromdir_block
42c74900 b empty_dentptr
42c74904 b cur_part_info
42c74954 b total_sector
42c74958 b dir_curclust
42c7495c b num_of_fats
42c74960 b cur_dev
42c74964 B errno
42c74968 B ___strtok
42c7496c b local.12358
42c74984 B __bss_end
42c74984 B __bss_limit
