Archive member included to satisfy reference by file (symbol)

/opt/FriendlyARM/toolchain/4.9.3/lib/gcc/arm-cortexa9-linux-gnueabihf/4.9.3/libgcc.a(_udivsi3.o)
                              arch/arm/cpu/slsiap/built-in.o (__aeabi_uidiv)
/opt/FriendlyARM/toolchain/4.9.3/lib/gcc/arm-cortexa9-linux-gnueabihf/4.9.3/libgcc.a(_divsi3.o)
                              arch/arm/cpu/slsiap/built-in.o (__aeabi_idiv)
/opt/FriendlyARM/toolchain/4.9.3/lib/gcc/arm-cortexa9-linux-gnueabihf/4.9.3/libgcc.a(_lshrdi3.o)
                              fs/built-in.o (__aeabi_llsr)
/opt/FriendlyARM/toolchain/4.9.3/lib/gcc/arm-cortexa9-linux-gnueabihf/4.9.3/libgcc.a(_ashldi3.o)
                              drivers/mmc/built-in.o (__aeabi_llsl)
/opt/FriendlyARM/toolchain/4.9.3/lib/gcc/arm-cortexa9-linux-gnueabihf/4.9.3/libgcc.a(_aeabi_uldivmod.o)
                              arch/arm/cpu/slsiap/built-in.o (__aeabi_uldivmod)
/opt/FriendlyARM/toolchain/4.9.3/lib/gcc/arm-cortexa9-linux-gnueabihf/4.9.3/libgcc.a(_dvmd_lnx.o)
                              /opt/FriendlyARM/toolchain/4.9.3/lib/gcc/arm-cortexa9-linux-gnueabihf/4.9.3/libgcc.a(_udivsi3.o) (__aeabi_idiv0)
/opt/FriendlyARM/toolchain/4.9.3/lib/gcc/arm-cortexa9-linux-gnueabihf/4.9.3/libgcc.a(bpabi.o)
                              /opt/FriendlyARM/toolchain/4.9.3/lib/gcc/arm-cortexa9-linux-gnueabihf/4.9.3/libgcc.a(_aeabi_uldivmod.o) (__gnu_uldivmod_helper)
/opt/FriendlyARM/toolchain/4.9.3/lib/gcc/arm-cortexa9-linux-gnueabihf/4.9.3/libgcc.a(_divdi3.o)
                              /opt/FriendlyARM/toolchain/4.9.3/lib/gcc/arm-cortexa9-linux-gnueabihf/4.9.3/libgcc.a(bpabi.o) (__divdi3)
/opt/FriendlyARM/toolchain/4.9.3/lib/gcc/arm-cortexa9-linux-gnueabihf/4.9.3/libgcc.a(_udivdi3.o)
                              /opt/FriendlyARM/toolchain/4.9.3/lib/gcc/arm-cortexa9-linux-gnueabihf/4.9.3/libgcc.a(bpabi.o) (__udivdi3)

Discarded input sections

 .data          0x0000000000000000        0x0 arch/arm/cpu/slsiap/s5p6818/start.o
 .bss           0x0000000000000000        0x0 arch/arm/cpu/slsiap/s5p6818/start.o
 .text          0x0000000000000000        0x0 arch/arm/cpu/slsiap/start.o
 .data          0x0000000000000000        0x0 arch/arm/cpu/slsiap/start.o
 .bss           0x0000000000000000        0x0 arch/arm/cpu/slsiap/start.o
 .ARM.attributes
                0x0000000000000000       0x29 arch/arm/cpu/slsiap/start.o
 .text          0x0000000000000000        0x0 arch/arm/cpu/slsiap/built-in.o
 .text.__aeabi_unwind_cpp_pr0
                0x0000000000000000        0x4 arch/arm/cpu/slsiap/built-in.o
 .text.__aeabi_unwind_cpp_pr1
                0x0000000000000000        0x4 arch/arm/cpu/slsiap/built-in.o
 .text.logo_get_logo_bmp_addr
                0x0000000000000000       0x10 arch/arm/cpu/slsiap/built-in.o
 .text.lcd_set_back_color
                0x0000000000000000       0x10 arch/arm/cpu/slsiap/built-in.o
 .text.lcd_set_alphablend
                0x0000000000000000       0x10 arch/arm/cpu/slsiap/built-in.o
 .text.lcd_set_text_color
                0x0000000000000000       0x10 arch/arm/cpu/slsiap/built-in.o
 .text.lcd_line_horizontal
                0x0000000000000000       0x8c arch/arm/cpu/slsiap/built-in.o
 .text.lcd_line_vertical
                0x0000000000000000       0x8c arch/arm/cpu/slsiap/built-in.o
 .text.ResetCon
                0x0000000000000000       0x30 arch/arm/cpu/slsiap/built-in.o
 .text.f_lcd_start
                0x0000000000000000        0x4 arch/arm/cpu/slsiap/built-in.o
 .text.f_lcd_stop
                0x0000000000000000        0x4 arch/arm/cpu/slsiap/built-in.o
 .text.f_lcd_part
                0x0000000000000000        0x4 arch/arm/cpu/slsiap/built-in.o
 .text.f_lcd_flash
                0x0000000000000000        0x4 arch/arm/cpu/slsiap/built-in.o
 .text.f_lcd_down
                0x0000000000000000        0x4 arch/arm/cpu/slsiap/built-in.o
 .text.f_lcd_status
                0x0000000000000000        0x4 arch/arm/cpu/slsiap/built-in.o
 .text.set_write_raw_chunk_cb
                0x0000000000000000       0x14 arch/arm/cpu/slsiap/built-in.o
 .data          0x0000000000000000        0x0 arch/arm/cpu/slsiap/built-in.o
 .bss           0x0000000000000000        0x0 arch/arm/cpu/slsiap/built-in.o
 .text.clk_put  0x0000000000000000        0x4 arch/arm/cpu/slsiap/s5p6818/built-in.o
 .text.clk_get_sys
                0x0000000000000000       0x30 arch/arm/cpu/slsiap/s5p6818/built-in.o
 .text.set_timer
                0x0000000000000000       0x10 arch/arm/cpu/slsiap/s5p6818/built-in.o
 .text.reset_timer
                0x0000000000000000        0x4 arch/arm/cpu/slsiap/s5p6818/built-in.o
 .text.udelay_masked
                0x0000000000000000       0x64 arch/arm/cpu/slsiap/s5p6818/built-in.o
 .text.NX_BIT_SetBitRange32
                0x0000000000000000       0x20 arch/arm/cpu/slsiap/s5p6818/built-in.o
 .text.NX_BIT_SetBit32
                0x0000000000000000       0x10 arch/arm/cpu/slsiap/s5p6818/built-in.o
 .text.NX_BIT_SetBitRange16
[...]
Memory Configuration

Name             Origin             Length             Attributes
*default*        0x0000000000000000 0xffffffffffffffff

Linker script and memory map

Address of section .text set to 0x42c00000
                0x0000000000000000                . = 0x0
                0x0000000000000000                . = ALIGN (0x4)

.text           0x0000000042c00000    0x2be04
 *(.__image_copy_start)
 .__image_copy_start
                0x0000000042c00000        0x0 arch/arm/lib/built-in.o
                0x0000000042c00000                __image_copy_start
 arch/arm/cpu/slsiap/s5p6818/start.o(.text*)
 .text          0x0000000042c00000      0x170 arch/arm/cpu/slsiap/s5p6818/start.o
                0x0000000042c00000                _stext
                0x0000000042c00040                TEXT_BASE
                0x0000000042c00044                _bss_start_ofs
                0x0000000042c00048                _bss_end_ofs
                0x0000000042c0004c                _end_ofs
                0x0000000042c00050                reset
                0x0000000042c00110                c_runtime_cpu_setup
                0x0000000042c00120                save_boot_params
                0x0000000042c00124                cpu_init_cp15
                0x0000000042c00154                cpu_init_crit
 *(.text*)
 .text.raise    0x0000000042c00170       0x1c arch/arm/cpu/slsiap/built-in.o
                0x0000000042c00170                raise
 .text.do_new_cmd
                0x0000000042c0018c       0xe8 arch/arm/cpu/slsiap/built-in.o
                0x0000000042c0018c                do_new_cmd
 .text.setup_board_tags
                0x0000000042c00274        0x4 arch/arm/cpu/slsiap/built-in.o
                0x0000000042c00274                setup_board_tags
 .text.do_goImage
                0x0000000042c00278      0x1bc arch/arm/cpu/slsiap/built-in.o
                0x0000000042c00278                do_goImage
 .text.PutPixel555To565
                0x0000000042c00434       0x2c arch/arm/cpu/slsiap/built-in.o
 .text.PutPixel565To888
                0x0000000042c00460       0x40 arch/arm/cpu/slsiap/built-in.o
 .text.PutPixel565To8888
                0x0000000042c004a0       0x48 arch/arm/cpu/slsiap/built-in.o
 .text.PutPixel888To565
                0x0000000042c004e8       0x68 arch/arm/cpu/slsiap/built-in.o
 .text.PutPixel888To888
                0x0000000042c00550       0x50 arch/arm/cpu/slsiap/built-in.o
 .text.PutPixel888To8888
                0x0000000042c005a0       0x28 arch/arm/cpu/slsiap/built-in.o
 .text.lcd_set_logo_bmp_addr
                0x0000000042c005c8       0x10 arch/arm/cpu/slsiap/built-in.o
                0x0000000042c005c8                lcd_set_logo_bmp_addr
 .text.lcd_draw_boot_logo
                0x0000000042c005d8      0x8cc arch/arm/cpu/slsiap/built-in.o
                0x0000000042c005d8                lcd_draw_boot_logo
 .text.do_drawbmp
                0x0000000042c00ea4       0x6c arch/arm/cpu/slsiap/built-in.o
                0x0000000042c00ea4                do_drawbmp
 .text.do_loadbmp
                0x0000000042c00f10      0x1c0 arch/arm/cpu/slsiap/built-in.o
 .text.ALPHAPixel888To565
                0x0000000042c010d0       0x48 arch/arm/cpu/slsiap/built-in.o
 .text.ALPHAPixel888To888
                0x0000000042c01118       0x40 arch/arm/cpu/slsiap/built-in.o
 .text.ALPHAPixel888To8888
                0x0000000042c01158       0x1c arch/arm/cpu/slsiap/built-in.o
 .text.lcd_draw_text_eng0816
                0x0000000042c01174      0x1d4 arch/arm/cpu/slsiap/built-in.o
 .text.lcd_debug_init
                0x0000000042c01348      0x144 arch/arm/cpu/slsiap/built-in.o
                0x0000000042c01348                lcd_debug_init
 .text.lcd_fill_rectangle
                0x0000000042c0148c       0xac arch/arm/cpu/slsiap/built-in.o
                0x0000000042c0148c                lcd_fill_rectangle
 .text.lcd_draw_text
                0x0000000042c01538       0x30 arch/arm/cpu/slsiap/built-in.o
                0x0000000042c01538                lcd_draw_text
 .text.lcd_draw_string
                0x0000000042c01568      0x1e8 arch/arm/cpu/slsiap/built-in.o
                0x0000000042c01568                lcd_draw_string
 .text.CalUSBID
                0x0000000042c01750       0xc4 arch/arm/cpu/slsiap/built-in.o
                0x0000000042c01750                CalUSBID
 .text.GetUSBID
                0x0000000042c01814       0x10 arch/arm/cpu/slsiap/built-in.o
                0x0000000042c01814                GetUSBID
 .text.nx_usb_write_in_fifo
                0x0000000042c01824       0x38 arch/arm/cpu/slsiap/built-in.o
 .text.nx_udc_int_hndlr
                0x0000000042c0185c      0x714 arch/arm/cpu/slsiap/built-in.o
 .text.iUSBBOOT
                0x0000000042c01f70      0x278 arch/arm/cpu/slsiap/built-in.o
                0x0000000042c01f70                iUSBBOOT
 .text.do_usbdown
                0x0000000042c021e8       0x80 arch/arm/cpu/slsiap/built-in.o
                0x0000000042c021e8                do_usbdown
 .text.mmc_get_part_table_extended
                0x0000000042c02268      0x1bc arch/arm/cpu/slsiap/built-in.o
 .text.mmc_get_part_table
                0x0000000042c02424       0x44 arch/arm/cpu/slsiap/built-in.o
                0x0000000042c02424                mmc_get_part_table
 .text.mmc_make_part_table_extended
                0x0000000042c02468      0x268 arch/arm/cpu/slsiap/built-in.o
                0x0000000042c02468                mmc_make_part_table_extended
 .text.mmc_make_part_table
                0x0000000042c026d0      0x3f0 arch/arm/cpu/slsiap/built-in.o
                0x0000000042c026d0                mmc_make_part_table
 .text.do_fdisk
                0x0000000042c02ac0      0x14c arch/arm/cpu/slsiap/built-in.o
 .text.fboot_reset_handler
                0x0000000042c02c0c       0x30 arch/arm/cpu/slsiap/built-in.o
 .text.part_lists_print
                0x0000000042c02c3c      0x150 arch/arm/cpu/slsiap/built-in.o
 .text.parse_part_address
                0x0000000042c02d8c      0x208 arch/arm/cpu/slsiap/built-in.o
 .text.parse_part_fs
                0x0000000042c02f94      0x170 arch/arm/cpu/slsiap/built-in.o
 .text.parse_part_partition
                0x0000000042c03104      0x200 arch/arm/cpu/slsiap/built-in.o
 .text.mmc_make_parts
                0x0000000042c03304       0xd4 arch/arm/cpu/slsiap/built-in.o
 .text.mmc_part_capacity
                0x0000000042c033d8       0xc4 arch/arm/cpu/slsiap/built-in.o
 .text.mmc_check_part_table
                0x0000000042c0349c       0xf0 arch/arm/cpu/slsiap/built-in.o
 .text.mmc_part_write
                0x0000000042c0358c      0x3a0 arch/arm/cpu/slsiap/built-in.o
 .text.parse_part_device
                0x0000000042c0392c      0x29c arch/arm/cpu/slsiap/built-in.o
 .text.part_lists_make
                0x0000000042c03bc8      0x2c8 arch/arm/cpu/slsiap/built-in.o
 .text.fboot_cmd_oem
                0x0000000042c03e90       0x50 arch/arm/cpu/slsiap/built-in.o
 .text.fboot_cmd_erase
                0x0000000042c03ee0       0x5c arch/arm/cpu/slsiap/built-in.o
 .text.fboot_cmd_format
                0x0000000042c03f3c       0x5c arch/arm/cpu/slsiap/built-in.o
 .text.fboot_cmd_boot
                0x0000000042c03f98       0x5c arch/arm/cpu/slsiap/built-in.o
 .text.fboot_cmd_download
                0x0000000042c03ff4      0x130 arch/arm/cpu/slsiap/built-in.o
 .text.fboot_cmd_reboot
                0x0000000042c04124       0x3c arch/arm/cpu/slsiap/built-in.o
 .text.fboot_setenv.isra.1
                0x0000000042c04160      0x24c arch/arm/cpu/slsiap/built-in.o
 .text.fboot_cmd_getvar
                0x0000000042c043ac      0x398 arch/arm/cpu/slsiap/built-in.o
 .text.fboot_cmd_flash
                0x0000000042c04744      0x674 arch/arm/cpu/slsiap/built-in.o
 .text.fboot_rx_handler
                0x0000000042c04db8      0x27c arch/arm/cpu/slsiap/built-in.o
 .text.do_fastboot
                0x0000000042c05034      0x388 arch/arm/cpu/slsiap/built-in.o
 .text.fboot_usb_descriptor
                0x0000000042c053bc       0x84 arch/arm/cpu/slsiap/built-in.o
                0x0000000042c053bc                fboot_usb_descriptor
 .text.otg_bind_check
                0x0000000042c05440       0x80 arch/arm/cpu/slsiap/built-in.o
                0x0000000042c05440                otg_bind_check
 .text.do_update_mmc
                0x0000000042c054c0      0x444 arch/arm/cpu/slsiap/built-in.o
                0x0000000042c054c0                do_update_mmc
 .text.write_raw_chunk
                0x0000000042c05904       0x40 arch/arm/cpu/slsiap/built-in.o
 .text.check_compress_ext4
                0x0000000042c05944       0xec arch/arm/cpu/slsiap/built-in.o
                0x0000000042c05944                check_compress_ext4
 .text.write_compressed_ext4
                0x0000000042c05a30       0x9c arch/arm/cpu/slsiap/built-in.o
                0x0000000042c05a30                write_compressed_ext4
 *fill*         0x0000000042c05acc       0x14 
 .text          0x0000000042c05ae0      0x370 arch/arm/cpu/slsiap/s5p6818/built-in.o
                0x0000000042c05ae0                lowlevel_init
                0x0000000042c05b20                _IRQ_STACK_START_IN_
                0x0000000042c05b40                undefined_instruction
                0x0000000042c05ba0                software_interrupt
                0x0000000042c05c00                prefetch_abort
                0x0000000042c05c60                data_abort
                0x0000000042c05cc0                not_used
                0x0000000042c05d20                irq
                0x0000000042c05d80                fiq
                0x0000000042c05de0                mmu_turn_on
                0x0000000042c05df0                enable_mmu
                0x0000000042c05e38                disable_mmu
 .text.v7_maint_dcache_all
                0x0000000042c05e50       0xcc arch/arm/cpu/slsiap/s5p6818/built-in.o
 .text.invalidate_icache_all
                0x0000000042c05f1c       0x18 arch/arm/cpu/slsiap/s5p6818/built-in.o
                0x0000000042c05f1c                invalidate_icache_all
 .text.v7_outer_cache_enable
                0x0000000042c05f34        0x4 arch/arm/cpu/slsiap/s5p6818/built-in.o
                0x0000000042c05f34                v7_outer_cache_enable
 .text.v7_outer_cache_disable
                0x0000000042c05f38        0x4 arch/arm/cpu/slsiap/s5p6818/built-in.o
                0x0000000042c05f38                v7_outer_cache_disable
 .text.v7_outer_cache_flush_all
                0x0000000042c05f3c        0x4 arch/arm/cpu/slsiap/s5p6818/built-in.o
                0x0000000042c05f3c                v7_outer_cache_flush_all
 .text.flush_dcache_all
                0x0000000042c05f40       0x14 arch/arm/cpu/slsiap/s5p6818/built-in.o
                0x0000000042c05f40                flush_dcache_all
 .text.v7_outer_cache_inval_all
                0x0000000042c05f54        0x4 arch/arm/cpu/slsiap/s5p6818/built-in.o
                0x0000000042c05f54                v7_outer_cache_inval_all
 .text.invalidate_dcache_all
                0x0000000042c05f58       0x14 arch/arm/cpu/slsiap/s5p6818/built-in.o
                0x0000000042c05f58                invalidate_dcache_all
 .text.arm_init_before_mmu
                0x0000000042c05f6c       0x28 arch/arm/cpu/slsiap/s5p6818/built-in.o
                0x0000000042c05f6c                arm_init_before_mmu
 .text.v7_outer_cache_flush_range
                0x0000000042c05f94        0x4 arch/arm/cpu/slsiap/s5p6818/built-in.o
                0x0000000042c05f94                v7_outer_cache_flush_range
 .text.flush_dcache_range
                0x0000000042c05f98       0x38 arch/arm/cpu/slsiap/s5p6818/built-in.o
                0x0000000042c05f98                flush_dcache_range
 .text.mmu_page_table_flush
                0x0000000042c05fd0       0x24 arch/arm/cpu/slsiap/s5p6818/built-in.o
                0x0000000042c05fd0                mmu_page_table_flush
 .text.flush_cache
                0x0000000042c05ff4        0x8 arch/arm/cpu/slsiap/s5p6818/built-in.o
                0x0000000042c05ff4                flush_cache
 .text.v7_outer_cache_inval_range
                0x0000000042c05ffc        0x4 arch/arm/cpu/slsiap/s5p6818/built-in.o
                0x0000000042c05ffc                v7_outer_cache_inval_range
 .text.invalidate_dcache_range
                0x0000000042c06000       0xa8 arch/arm/cpu/slsiap/s5p6818/built-in.o
                0x0000000042c06000                invalidate_dcache_range
 .text.cpu_cache_initialization
                0x0000000042c060a8        0x4 arch/arm/cpu/slsiap/s5p6818/built-in.o
                0x0000000042c060a8                cpu_cache_initialization
 .text.cleanup_before_linux
                0x0000000042c060ac       0x2c arch/arm/cpu/slsiap/s5p6818/built-in.o
                0x0000000042c060ac                cleanup_before_linux
 .text.enable_caches
                0x0000000042c060d8        0x4 arch/arm/cpu/slsiap/s5p6818/built-in.o
                0x0000000042c060d8                enable_caches
 .text.arch_cpu_init
                0x0000000042c060dc       0x40 arch/arm/cpu/slsiap/s5p6818/built-in.o
                0x0000000042c060dc                arch_cpu_init
 .text.print_cpuinfo
                0x0000000042c0611c       0x10 arch/arm/cpu/slsiap/s5p6818/built-in.o
                0x0000000042c0611c                print_cpuinfo
 .text.dram_init
                0x0000000042c0612c       0x10 arch/arm/cpu/slsiap/s5p6818/built-in.o
                0x0000000042c0612c                dram_init
 .text.dram_init_banksize
                0x0000000042c0613c       0x38 arch/arm/cpu/slsiap/s5p6818/built-in.o
                0x0000000042c0613c                dram_init_banksize
 .text.gdt_reset
                0x0000000042c06174      0x144 arch/arm/cpu/slsiap/s5p6818/built-in.o
                0x0000000042c06174                gdt_reset
 .text.arch_misc_init
                0x0000000042c062b8        0x8 arch/arm/cpu/slsiap/s5p6818/built-in.o
                0x0000000042c062b8                arch_misc_init
 .text.arch_preboot_os
                0x0000000042c062c0        0x4 arch/arm/cpu/slsiap/s5p6818/built-in.o
                0x0000000042c062c0                arch_preboot_os
 .text.nxp_cpu_init
                0x0000000042c062c4      0x1b0 arch/arm/cpu/slsiap/s5p6818/built-in.o
                0x0000000042c062c4                nxp_cpu_init
 .text.nxp_periph_init
                0x0000000042c06474        0x4 arch/arm/cpu/slsiap/s5p6818/built-in.o
                0x0000000042c06474                nxp_periph_init
 .text.nxp_before_linux
                0x0000000042c06478        0x4 arch/arm/cpu/slsiap/s5p6818/built-in.o
                0x0000000042c06478                nxp_before_linux
 .text.nxp_cpu_version
                0x0000000042c0647c        0x8 arch/arm/cpu/slsiap/s5p6818/built-in.o
                0x0000000042c0647c                nxp_cpu_version
 .text.nxp_print_cpuinfo
                0x0000000042c06484        0x4 arch/arm/cpu/slsiap/s5p6818/built-in.o
                0x0000000042c06484                nxp_print_cpuinfo
 .text.pll_div  0x0000000042c06488       0x44 arch/arm/cpu/slsiap/s5p6818/built-in.o
 .text.pll_rate.constprop.3
                0x0000000042c064cc       0x84 arch/arm/cpu/slsiap/s5p6818/built-in.o
 .text.core_update_rate
                0x0000000042c06550      0x508 arch/arm/cpu/slsiap/s5p6818/built-in.o
 .text.clk_get  0x0000000042c06a58       0xb8 arch/arm/cpu/slsiap/s5p6818/built-in.o
                0x0000000042c06a58                clk_get
 .text.clk_round_rate
                0x0000000042c06b10      0x2e0 arch/arm/cpu/slsiap/s5p6818/built-in.o
                0x0000000042c06b10                clk_round_rate
 .text.clk_get_rate
                0x0000000042c06df0       0x14 arch/arm/cpu/slsiap/s5p6818/built-in.o
                0x0000000042c06df0                clk_get_rate
 .text.clk_set_rate
                0x0000000042c06e04       0xb4 arch/arm/cpu/slsiap/s5p6818/built-in.o
                0x0000000042c06e04                clk_set_rate
 .text.clk_enable
                0x0000000042c06eb8      0x1a0 arch/arm/cpu/slsiap/s5p6818/built-in.o
                0x0000000042c06eb8                clk_enable
 .text.clk_disable
                0x0000000042c07058       0xa4 arch/arm/cpu/slsiap/s5p6818/built-in.o
                0x0000000042c07058                clk_disable
 .text.nxp_clk_init
                0x0000000042c070fc      0x18c arch/arm/cpu/slsiap/s5p6818/built-in.o
                0x0000000042c070fc                nxp_clk_init
 .text.nxp_clk_print
                0x0000000042c07288      0x25c arch/arm/cpu/slsiap/s5p6818/built-in.o
                0x0000000042c07288                nxp_clk_print
 .text.reset_cpu
                0x0000000042c074e4       0x14 arch/arm/cpu/slsiap/s5p6818/built-in.o
                0x0000000042c074e4                reset_cpu
 .text.reset_timer_masked
                0x0000000042c074f8       0x64 arch/arm/cpu/slsiap/s5p6818/built-in.o
                0x0000000042c074f8                reset_timer_masked
 .text.timer_init
                0x0000000042c0755c      0x2cc arch/arm/cpu/slsiap/s5p6818/built-in.o
                0x0000000042c0755c                timer_init
 .text.get_timer_masked
                0x0000000042c07828       0x5c arch/arm/cpu/slsiap/s5p6818/built-in.o
                0x0000000042c07828                get_timer_masked
 .text.get_timer
                0x0000000042c07884       0x24 arch/arm/cpu/slsiap/s5p6818/built-in.o
                0x0000000042c07884                get_timer
 .text.__udelay
                0x0000000042c078a8       0x90 arch/arm/cpu/slsiap/s5p6818/built-in.o
                0x0000000042c078a8                __udelay
 .text.get_ticks
                0x0000000042c07938       0x10 arch/arm/cpu/slsiap/s5p6818/built-in.o
                0x0000000042c07938                get_ticks
 .text.get_tbclk
                0x0000000042c07948       0x10 arch/arm/cpu/slsiap/s5p6818/built-in.o
                0x0000000042c07948                get_tbclk
 .text.serial_device_init
                0x0000000042c07958       0x54 arch/arm/cpu/slsiap/s5p6818/built-in.o
                0x0000000042c07958                serial_device_init
 .text.i2c_gpio_init
                0x0000000042c079ac       0x60 arch/arm/cpu/slsiap/s5p6818/built-in.o
                0x0000000042c079ac                i2c_gpio_init
 .text.mmu_on   0x0000000042c07a0c      0x1bc arch/arm/cpu/slsiap/s5p6818/built-in.o
                0x0000000042c07a0c                mmu_on
 .text.NX_RSTCON_Initialize
                0x0000000042c07bc8       0x2c arch/arm/cpu/slsiap/s5p6818/built-in.o
                0x0000000042c07bc8                NX_RSTCON_Initialize
 .text.NX_RSTCON_GetPhysicalAddress
                0x0000000042c07bf4        0xc arch/arm/cpu/slsiap/s5p6818/built-in.o
                0x0000000042c07bf4                NX_RSTCON_GetPhysicalAddress
 .text.NX_RSTCON_SetBaseAddress
                0x0000000042c07c00       0x10 arch/arm/cpu/slsiap/s5p6818/built-in.o
                0x0000000042c07c00                NX_RSTCON_SetBaseAddress
 .text.NX_RSTCON_SetRST
                0x0000000042c07c10       0x34 arch/arm/cpu/slsiap/s5p6818/built-in.o
                0x0000000042c07c10                NX_RSTCON_SetRST
 .text.NX_RSTCON_GetRST
                0x0000000042c07c44       0x24 arch/arm/cpu/slsiap/s5p6818/built-in.o
                0x0000000042c07c44                NX_RSTCON_GetRST
 .text.NX_CLKGEN_Initialize
                0x0000000042c07c68       0x40 arch/arm/cpu/slsiap/s5p6818/built-in.o
                0x0000000042c07c68                NX_CLKGEN_Initialize
 .text.NX_CLKGEN_GetNumberOfModule
                0x0000000042c07ca8        0x8 arch/arm/cpu/slsiap/s5p6818/built-in.o
                0x0000000042c07ca8                NX_CLKGEN_GetNumberOfModule
 .text.NX_CLKGEN_GetPhysicalAddress
                0x0000000042c07cb0       0x10 arch/arm/cpu/slsiap/s5p6818/built-in.o
                0x0000000042c07cb0                NX_CLKGEN_GetPhysicalAddress
 .text.NX_CLKGEN_SetBaseAddress
                0x0000000042c07cc0       0x10 arch/arm/cpu/slsiap/s5p6818/built-in.o
                0x0000000042c07cc0                NX_CLKGEN_SetBaseAddress
 .text.NX_CLKPWR_Initialize
                0x0000000042c07cd0       0x2c arch/arm/cpu/slsiap/s5p6818/built-in.o
                0x0000000042c07cd0                NX_CLKPWR_Initialize
 .text.NX_CLKPWR_GetPhysicalAddress
                0x0000000042c07cfc        0xc arch/arm/cpu/slsiap/s5p6818/built-in.o
                0x0000000042c07cfc                NX_CLKPWR_GetPhysicalAddress
 .text.NX_CLKPWR_SetBaseAddress
                0x0000000042c07d08       0x10 arch/arm/cpu/slsiap/s5p6818/built-in.o
                0x0000000042c07d08                NX_CLKPWR_SetBaseAddress
 .text.NX_CLKPWR_OpenModule
                0x0000000042c07d18        0x8 arch/arm/cpu/slsiap/s5p6818/built-in.o
                0x0000000042c07d18                NX_CLKPWR_OpenModule
 .text.NX_CLKPWR_SetSoftwareResetEnable
                0x0000000042c07d20       0x20 arch/arm/cpu/slsiap/s5p6818/built-in.o
                0x0000000042c07d20                NX_CLKPWR_SetSoftwareResetEnable
 .text.NX_CLKPWR_DoSoftwareReset
                0x0000000042c07d40       0x18 arch/arm/cpu/slsiap/s5p6818/built-in.o
                0x0000000042c07d40                NX_CLKPWR_DoSoftwareReset
 .text.NX_MCUS_Initialize
                0x0000000042c07d58       0x2c arch/arm/cpu/slsiap/s5p6818/built-in.o
                0x0000000042c07d58                NX_MCUS_Initialize
 .text.NX_MCUS_GetPhysicalAddress
                0x0000000042c07d84        0xc arch/arm/cpu/slsiap/s5p6818/built-in.o
                0x0000000042c07d84                NX_MCUS_GetPhysicalAddress
 .text.NX_MCUS_SetBaseAddress
                0x0000000042c07d90       0x10 arch/arm/cpu/slsiap/s5p6818/built-in.o
                0x0000000042c07d90                NX_MCUS_SetBaseAddress
 .text.NX_MCUS_OpenModule
                0x0000000042c07da0        0x8 arch/arm/cpu/slsiap/s5p6818/built-in.o
                0x0000000042c07da0                NX_MCUS_OpenModule
 .text.NX_MCUS_SetStaticBUSConfig
                0x0000000042c07da8      0x160 arch/arm/cpu/slsiap/s5p6818/built-in.o
                0x0000000042c07da8                NX_MCUS_SetStaticBUSConfig
 .text.NX_ALIVE_Initialize
                0x0000000042c07f08       0x2c arch/arm/cpu/slsiap/s5p6818/built-in.o
                0x0000000042c07f08                NX_ALIVE_Initialize
 .text.NX_ALIVE_GetPhysicalAddress
                0x0000000042c07f34        0xc arch/arm/cpu/slsiap/s5p6818/built-in.o
                0x0000000042c07f34                NX_ALIVE_GetPhysicalAddress
 .text.NX_ALIVE_SetBaseAddress
                0x0000000042c07f40       0x10 arch/arm/cpu/slsiap/s5p6818/built-in.o
                0x0000000042c07f40                NX_ALIVE_SetBaseAddress
 .text.NX_ALIVE_OpenModule
                0x0000000042c07f50        0x8 arch/arm/cpu/slsiap/s5p6818/built-in.o
                0x0000000042c07f50                NX_ALIVE_OpenModule
 .text.NX_ALIVE_ClearInterruptPending
                0x0000000042c07f58       0x1c arch/arm/cpu/slsiap/s5p6818/built-in.o
                0x0000000042c07f58                NX_ALIVE_ClearInterruptPending
 .text.NX_ALIVE_SetWriteEnable
                0x0000000042c07f74       0x14 arch/arm/cpu/slsiap/s5p6818/built-in.o
                0x0000000042c07f74                NX_ALIVE_SetWriteEnable
 .text.NX_ALIVE_SetScratchReg
                0x0000000042c07f88       0x1c arch/arm/cpu/slsiap/s5p6818/built-in.o
                0x0000000042c07f88                NX_ALIVE_SetScratchReg
 .text.NX_ALIVE_GetScratchReg
                0x0000000042c07fa4       0x14 arch/arm/cpu/slsiap/s5p6818/built-in.o
                0x0000000042c07fa4                NX_ALIVE_GetScratchReg
 .text.NX_ALIVE_SetPullUpEnable
                0x0000000042c07fb8       0x24 arch/arm/cpu/slsiap/s5p6818/built-in.o
                0x0000000042c07fb8                NX_ALIVE_SetPullUpEnable
 .text.NX_ALIVE_SetDetectEnable
                0x0000000042c07fdc       0x24 arch/arm/cpu/slsiap/s5p6818/built-in.o
                0x0000000042c07fdc                NX_ALIVE_SetDetectEnable
 .text.NX_ALIVE_SetDetectMode
                0x0000000042c08000       0xc0 arch/arm/cpu/slsiap/s5p6818/built-in.o
                0x0000000042c08000                NX_ALIVE_SetDetectMode
 .text.NX_ALIVE_SetOutputEnable
                0x0000000042c080c0       0x24 arch/arm/cpu/slsiap/s5p6818/built-in.o
                0x0000000042c080c0                NX_ALIVE_SetOutputEnable
 .text.NX_ALIVE_SetOutputValue
                0x0000000042c080e4       0x24 arch/arm/cpu/slsiap/s5p6818/built-in.o
                0x0000000042c080e4                NX_ALIVE_SetOutputValue
 .text.NX_ALIVE_GetInputValue
                0x0000000042c08108       0x1c arch/arm/cpu/slsiap/s5p6818/built-in.o
                0x0000000042c08108                NX_ALIVE_GetInputValue
 .text.NX_GPIO_SetBit
                0x0000000042c08124       0x18 arch/arm/cpu/slsiap/s5p6818/built-in.o
                0x0000000042c08124                NX_GPIO_SetBit
 .text.NX_GPIO_SetBit2
                0x0000000042c0813c       0x1c arch/arm/cpu/slsiap/s5p6818/built-in.o
                0x0000000042c0813c                NX_GPIO_SetBit2
 .text.NX_GPIO_Initialize
                0x0000000042c08158       0x60 arch/arm/cpu/slsiap/s5p6818/built-in.o
                0x0000000042c08158                NX_GPIO_Initialize
 .text.NX_GPIO_GetNumberOfModule
                0x0000000042c081b8        0x8 arch/arm/cpu/slsiap/s5p6818/built-in.o
                0x0000000042c081b8                NX_GPIO_GetNumberOfModule
 .text.NX_GPIO_GetPhysicalAddress
                0x0000000042c081c0       0x10 arch/arm/cpu/slsiap/s5p6818/built-in.o
                0x0000000042c081c0                NX_GPIO_GetPhysicalAddress
 .text.NX_GPIO_SetBaseAddress
                0x0000000042c081d0       0x10 arch/arm/cpu/slsiap/s5p6818/built-in.o
                0x0000000042c081d0                NX_GPIO_SetBaseAddress
 .text.NX_GPIO_OpenModule
                0x0000000042c081e0       0x2c arch/arm/cpu/slsiap/s5p6818/built-in.o
                0x0000000042c081e0                NX_GPIO_OpenModule
 .text.NX_GPIO_ClearInterruptPendingAll
                0x0000000042c0820c       0x18 arch/arm/cpu/slsiap/s5p6818/built-in.o
                0x0000000042c0820c                NX_GPIO_ClearInterruptPendingAll
 .text.NX_GPIO_SetInterruptMode
                0x0000000042c08224       0x44 arch/arm/cpu/slsiap/s5p6818/built-in.o
                0x0000000042c08224                NX_GPIO_SetInterruptMode
 .text.NX_GPIO_SetOutputEnable
                0x0000000042c08268       0x14 arch/arm/cpu/slsiap/s5p6818/built-in.o
                0x0000000042c08268                NX_GPIO_SetOutputEnable
 .text.NX_GPIO_SetOutputValue
                0x0000000042c0827c       0x10 arch/arm/cpu/slsiap/s5p6818/built-in.o
                0x0000000042c0827c                NX_GPIO_SetOutputValue
 .text.NX_GPIO_GetInputValue
                0x0000000042c0828c       0x1c arch/arm/cpu/slsiap/s5p6818/built-in.o
                0x0000000042c0828c                NX_GPIO_GetInputValue
 .text.NX_GPIO_SetPadFunction
                0x0000000042c082a8       0x20 arch/arm/cpu/slsiap/s5p6818/built-in.o
                0x0000000042c082a8                NX_GPIO_SetPadFunction
 .text.NX_GPIO_SetDriveStrength
                0x0000000042c082c8       0x38 arch/arm/cpu/slsiap/s5p6818/built-in.o
                0x0000000042c082c8                NX_GPIO_SetDriveStrength
 .text.NX_GPIO_SetPullEnable
                0x0000000042c08300       0x44 arch/arm/cpu/slsiap/s5p6818/built-in.o
                0x0000000042c08300                NX_GPIO_SetPullEnable
 .text.NX_TIEOFF_Initialize
                0x0000000042c08344       0x2c arch/arm/cpu/slsiap/s5p6818/built-in.o
                0x0000000042c08344                NX_TIEOFF_Initialize
 .text.NX_TIEOFF_GetPhysicalAddress
                0x0000000042c08370        0xc arch/arm/cpu/slsiap/s5p6818/built-in.o
                0x0000000042c08370                NX_TIEOFF_GetPhysicalAddress
 .text.NX_TIEOFF_SetBaseAddress
                0x0000000042c0837c       0x10 arch/arm/cpu/slsiap/s5p6818/built-in.o
                0x0000000042c0837c                NX_TIEOFF_SetBaseAddress
 .text.NX_TIEOFF_Set
                0x0000000042c0838c       0x88 arch/arm/cpu/slsiap/s5p6818/built-in.o
                0x0000000042c0838c                NX_TIEOFF_Set
 .text.NX_WDT_Initialize
                0x0000000042c08414       0x2c arch/arm/cpu/slsiap/s5p6818/built-in.o
                0x0000000042c08414                NX_WDT_Initialize
 .text.NX_WDT_GetPhysicalAddress
                0x0000000042c08440        0xc arch/arm/cpu/slsiap/s5p6818/built-in.o
                0x0000000042c08440                NX_WDT_GetPhysicalAddress
 .text.NX_WDT_SetBaseAddress
                0x0000000042c0844c       0x10 arch/arm/cpu/slsiap/s5p6818/built-in.o
                0x0000000042c0844c                NX_WDT_SetBaseAddress
 .text.NX_WDT_OpenModule
                0x0000000042c0845c        0x8 arch/arm/cpu/slsiap/s5p6818/built-in.o
                0x0000000042c0845c                NX_WDT_OpenModule
 .text.NX_WDT_GetInterruptNumber
                0x0000000042c08464        0x8 arch/arm/cpu/slsiap/s5p6818/built-in.o
                0x0000000042c08464                NX_WDT_GetInterruptNumber
 .text.NX_WDT_ClearInterruptPending
                0x0000000042c0846c       0x18 arch/arm/cpu/slsiap/s5p6818/built-in.o
                0x0000000042c0846c                NX_WDT_ClearInterruptPending
 .text.NX_WDT_SetEnable
                0x0000000042c08484       0x20 arch/arm/cpu/slsiap/s5p6818/built-in.o
                0x0000000042c08484                NX_WDT_SetEnable
 .text.NX_WDT_GetEnable
                0x0000000042c084a4       0x18 arch/arm/cpu/slsiap/s5p6818/built-in.o
                0x0000000042c084a4                NX_WDT_GetEnable
 .text.NX_WDT_SetResetEnable
                0x0000000042c084bc       0x20 arch/arm/cpu/slsiap/s5p6818/built-in.o
                0x0000000042c084bc                NX_WDT_SetResetEnable
 .text.NX_DISPLAYTOP_Initialize
                0x0000000042c084dc       0x2c arch/arm/cpu/slsiap/s5p6818/built-in.o
                0x0000000042c084dc                NX_DISPLAYTOP_Initialize
 .text.NX_DISPLAYTOP_GetPhysicalAddress
                0x0000000042c08508        0xc arch/arm/cpu/slsiap/s5p6818/built-in.o
                0x0000000042c08508                NX_DISPLAYTOP_GetPhysicalAddress
 .text.NX_DISPLAYTOP_SetBaseAddress
                0x0000000042c08514       0x10 arch/arm/cpu/slsiap/s5p6818/built-in.o
                0x0000000042c08514                NX_DISPLAYTOP_SetBaseAddress
 .text.NX_DISPLAYTOP_OpenModule
                0x0000000042c08524        0x8 arch/arm/cpu/slsiap/s5p6818/built-in.o
                0x0000000042c08524                NX_DISPLAYTOP_OpenModule
 .text.NX_DISPLAYTOP_SetHDMIMUX
                0x0000000042c0852c       0x18 arch/arm/cpu/slsiap/s5p6818/built-in.o
                0x0000000042c0852c                NX_DISPLAYTOP_SetHDMIMUX
 .text.NX_DISPLAYTOP_GetResetNumber
                0x0000000042c08544        0x8 arch/arm/cpu/slsiap/s5p6818/built-in.o
                0x0000000042c08544                NX_DISPLAYTOP_GetResetNumber
 .text.NX_DISPLAYTOP_SetPrimaryMUX
                0x0000000042c0854c       0x14 arch/arm/cpu/slsiap/s5p6818/built-in.o
                0x0000000042c0854c                NX_DISPLAYTOP_SetPrimaryMUX
 .text.NX_DISPLAYTOP_HDMI_SetVSyncStart
                0x0000000042c08560       0x14 arch/arm/cpu/slsiap/s5p6818/built-in.o
                0x0000000042c08560                NX_DISPLAYTOP_HDMI_SetVSyncStart
 .text.NX_DISPLAYTOP_HDMI_SetVSyncHSStartEnd
                0x0000000042c08574       0x18 arch/arm/cpu/slsiap/s5p6818/built-in.o
                0x0000000042c08574                NX_DISPLAYTOP_HDMI_SetVSyncHSStartEnd
 .text.NX_DISPLAYTOP_HDMI_SetHActiveStart
                0x0000000042c0858c       0x14 arch/arm/cpu/slsiap/s5p6818/built-in.o
                0x0000000042c0858c                NX_DISPLAYTOP_HDMI_SetHActiveStart
 .text.NX_DISPLAYTOP_HDMI_SetHActiveEnd
                0x0000000042c085a0       0x14 arch/arm/cpu/slsiap/s5p6818/built-in.o
                0x0000000042c085a0                NX_DISPLAYTOP_HDMI_SetHActiveEnd
 .text.NX_DISPTOP_CLKGEN_Initialize
                0x0000000042c085b4       0x40 arch/arm/cpu/slsiap/s5p6818/built-in.o
                0x0000000042c085b4                NX_DISPTOP_CLKGEN_Initialize
 .text.NX_DISPTOP_CLKGEN_GetPhysicalAddress
                0x0000000042c085f4       0x10 arch/arm/cpu/slsiap/s5p6818/built-in.o
                0x0000000042c085f4                NX_DISPTOP_CLKGEN_GetPhysicalAddress
 .text.NX_DISPTOP_CLKGEN_SetBaseAddress
                0x0000000042c08604       0x10 arch/arm/cpu/slsiap/s5p6818/built-in.o
                0x0000000042c08604                NX_DISPTOP_CLKGEN_SetBaseAddress
 .text.NX_DISPTOP_CLKGEN_SetClockPClkMode
                0x0000000042c08614       0x2c arch/arm/cpu/slsiap/s5p6818/built-in.o
                0x0000000042c08614                NX_DISPTOP_CLKGEN_SetClockPClkMode
 .text.NX_DISPTOP_CLKGEN_SetClockSource
                0x0000000042c08640       0x24 arch/arm/cpu/slsiap/s5p6818/built-in.o
                0x0000000042c08640                NX_DISPTOP_CLKGEN_SetClockSource
 .text.NX_DISPTOP_CLKGEN_SetClockDivisor
                0x0000000042c08664       0x2c arch/arm/cpu/slsiap/s5p6818/built-in.o
                0x0000000042c08664                NX_DISPTOP_CLKGEN_SetClockDivisor
 .text.NX_DISPTOP_CLKGEN_SetClockDivisorEnable
                0x0000000042c08690       0x20 arch/arm/cpu/slsiap/s5p6818/built-in.o
                0x0000000042c08690                NX_DISPTOP_CLKGEN_SetClockDivisorEnable
 .text.NX_DUALDISPLAY_GetResetNumber
                0x0000000042c086b0        0x8 arch/arm/cpu/slsiap/s5p6818/built-in.o
                0x0000000042c086b0                NX_DUALDISPLAY_GetResetNumber
 .text.NX_MLC_Initialize
                0x0000000042c086b8       0x30 arch/arm/cpu/slsiap/s5p6818/built-in.o
                0x0000000042c086b8                NX_MLC_Initialize
 .text.NX_MLC_GetPhysicalAddress
                0x0000000042c086e8       0x2c arch/arm/cpu/slsiap/s5p6818/built-in.o
                0x0000000042c086e8                NX_MLC_GetPhysicalAddress
 .text.NX_MLC_SetBaseAddress
                0x0000000042c08714       0x10 arch/arm/cpu/slsiap/s5p6818/built-in.o
                0x0000000042c08714                NX_MLC_SetBaseAddress
 .text.NX_MLC_OpenModule
                0x0000000042c08724        0x8 arch/arm/cpu/slsiap/s5p6818/built-in.o
                0x0000000042c08724                NX_MLC_OpenModule
 .text.NX_MLC_SetClockPClkMode
                0x0000000042c0872c       0x2c arch/arm/cpu/slsiap/s5p6818/built-in.o
                0x0000000042c0872c                NX_MLC_SetClockPClkMode
 .text.NX_MLC_SetClockBClkMode
                0x0000000042c08758       0x34 arch/arm/cpu/slsiap/s5p6818/built-in.o
                0x0000000042c08758                NX_MLC_SetClockBClkMode
 .text.NX_MLC_SetTopPowerMode
                0x0000000042c0878c       0x24 arch/arm/cpu/slsiap/s5p6818/built-in.o
                0x0000000042c0878c                NX_MLC_SetTopPowerMode
 .text.NX_MLC_SetTopSleepMode
                0x0000000042c087b0       0x28 arch/arm/cpu/slsiap/s5p6818/built-in.o
                0x0000000042c087b0                NX_MLC_SetTopSleepMode
 .text.NX_MLC_SetTopDirtyFlag
                0x0000000042c087d8       0x1c arch/arm/cpu/slsiap/s5p6818/built-in.o
                0x0000000042c087d8                NX_MLC_SetTopDirtyFlag
 .text.NX_MLC_SetMLCEnable
                0x0000000042c087f4       0x20 arch/arm/cpu/slsiap/s5p6818/built-in.o
                0x0000000042c087f4                NX_MLC_SetMLCEnable
 .text.NX_MLC_SetFieldEnable
                0x0000000042c08814       0x20 arch/arm/cpu/slsiap/s5p6818/built-in.o
                0x0000000042c08814                NX_MLC_SetFieldEnable
 .text.NX_MLC_SetLayerPriority
                0x0000000042c08834       0x20 arch/arm/cpu/slsiap/s5p6818/built-in.o
                0x0000000042c08834                NX_MLC_SetLayerPriority
 .text.NX_MLC_SetScreenSize
                0x0000000042c08854       0x20 arch/arm/cpu/slsiap/s5p6818/built-in.o
                0x0000000042c08854                NX_MLC_SetScreenSize
 .text.NX_MLC_SetBackground
                0x0000000042c08874       0x14 arch/arm/cpu/slsiap/s5p6818/built-in.o
                0x0000000042c08874                NX_MLC_SetBackground
 .text.NX_MLC_SetDirtyFlag
                0x0000000042c08888       0x40 arch/arm/cpu/slsiap/s5p6818/built-in.o
                0x0000000042c08888                NX_MLC_SetDirtyFlag
 .text.NX_MLC_SetLayerEnable
                0x0000000042c088c8       0x48 arch/arm/cpu/slsiap/s5p6818/built-in.o
                0x0000000042c088c8                NX_MLC_SetLayerEnable
 .text.NX_MLC_SetLockSize
                0x0000000042c08910       0x38 arch/arm/cpu/slsiap/s5p6818/built-in.o
                0x0000000042c08910                NX_MLC_SetLockSize
 .text.NX_MLC_SetAlphaBlending
                0x0000000042c08948       0x60 arch/arm/cpu/slsiap/s5p6818/built-in.o
                0x0000000042c08948                NX_MLC_SetAlphaBlending
 .text.NX_MLC_SetTransparency
                0x0000000042c089a8       0x44 arch/arm/cpu/slsiap/s5p6818/built-in.o
                0x0000000042c089a8                NX_MLC_SetTransparency
 .text.NX_MLC_SetColorInversion
                0x0000000042c089ec       0x44 arch/arm/cpu/slsiap/s5p6818/built-in.o
                0x0000000042c089ec                NX_MLC_SetColorInversion
 .text.NX_MLC_SetFormatRGB
                0x0000000042c08a30       0x34 arch/arm/cpu/slsiap/s5p6818/built-in.o
                0x0000000042c08a30                NX_MLC_SetFormatRGB
 .text.NX_MLC_SetPosition
                0x0000000042c08a64       0xa4 arch/arm/cpu/slsiap/s5p6818/built-in.o
                0x0000000042c08a64                NX_MLC_SetPosition
 .text.NX_MLC_SetDitherEnableWhenUsingGamma
                0x0000000042c08b08       0x20 arch/arm/cpu/slsiap/s5p6818/built-in.o
                0x0000000042c08b08                NX_MLC_SetDitherEnableWhenUsingGamma
 .text.NX_MLC_SetGammaPriority
                0x0000000042c08b28       0x20 arch/arm/cpu/slsiap/s5p6818/built-in.o
                0x0000000042c08b28                NX_MLC_SetGammaPriority
 .text.NX_MLC_SetRGBLayerInvalidPosition
                0x0000000042c08b48       0x6c arch/arm/cpu/slsiap/s5p6818/built-in.o
                0x0000000042c08b48                NX_MLC_SetRGBLayerInvalidPosition
 .text.NX_MLC_SetRGBLayerStride
                0x0000000042c08bb4       0x48 arch/arm/cpu/slsiap/s5p6818/built-in.o
                0x0000000042c08bb4                NX_MLC_SetRGBLayerStride
 .text.NX_MLC_SetRGBLayerAddress
                0x0000000042c08bfc       0x30 arch/arm/cpu/slsiap/s5p6818/built-in.o
                0x0000000042c08bfc                NX_MLC_SetRGBLayerAddress
 .text.NX_MLC_SetRGBLayerGamaTablePowerMode
                0x0000000042c08c2c       0x2c arch/arm/cpu/slsiap/s5p6818/built-in.o
                0x0000000042c08c2c                NX_MLC_SetRGBLayerGamaTablePowerMode
 .text.NX_MLC_SetRGBLayerGamaTableSleepMode
                0x0000000042c08c58       0x3c arch/arm/cpu/slsiap/s5p6818/built-in.o
                0x0000000042c08c58                NX_MLC_SetRGBLayerGamaTableSleepMode
 .text.NX_MLC_SetRGBLayerGammaEnable
                0x0000000042c08c94       0x20 arch/arm/cpu/slsiap/s5p6818/built-in.o
                0x0000000042c08c94                NX_MLC_SetRGBLayerGammaEnable
 .text.NX_DPC_Initialize
                0x0000000042c08cb4       0x30 arch/arm/cpu/slsiap/s5p6818/built-in.o
                0x0000000042c08cb4                NX_DPC_Initialize
 .text.NX_DPC_GetPhysicalAddress
                0x0000000042c08ce4       0x2c arch/arm/cpu/slsiap/s5p6818/built-in.o
                0x0000000042c08ce4                NX_DPC_GetPhysicalAddress
 .text.NX_DPC_SetBaseAddress
                0x0000000042c08d10       0x10 arch/arm/cpu/slsiap/s5p6818/built-in.o
                0x0000000042c08d10                NX_DPC_SetBaseAddress
 .text.NX_DPC_OpenModule
                0x0000000042c08d20        0x8 arch/arm/cpu/slsiap/s5p6818/built-in.o
                0x0000000042c08d20                NX_DPC_OpenModule
 .text.NX_DPC_SetClockPClkMode
                0x0000000042c08d28       0x2c arch/arm/cpu/slsiap/s5p6818/built-in.o
                0x0000000042c08d28                NX_DPC_SetClockPClkMode
 .text.NX_DPC_SetClockSource
                0x0000000042c08d54       0x24 arch/arm/cpu/slsiap/s5p6818/built-in.o
                0x0000000042c08d54                NX_DPC_SetClockSource
 .text.NX_DPC_SetClockDivisor
                0x0000000042c08d78       0x2c arch/arm/cpu/slsiap/s5p6818/built-in.o
                0x0000000042c08d78                NX_DPC_SetClockDivisor
 .text.NX_DPC_SetClockOutInv
                0x0000000042c08da4       0x24 arch/arm/cpu/slsiap/s5p6818/built-in.o
                0x0000000042c08da4                NX_DPC_SetClockOutInv
 .text.NX_DPC_SetClockOutDelay
                0x0000000042c08dc8       0x24 arch/arm/cpu/slsiap/s5p6818/built-in.o
                0x0000000042c08dc8                NX_DPC_SetClockOutDelay
 .text.NX_DPC_SetClockDivisorEnable
                0x0000000042c08dec       0x20 arch/arm/cpu/slsiap/s5p6818/built-in.o
                0x0000000042c08dec                NX_DPC_SetClockDivisorEnable
 .text.NX_DPC_SetDPCEnable
                0x0000000042c08e0c       0x20 arch/arm/cpu/slsiap/s5p6818/built-in.o
                0x0000000042c08e0c                NX_DPC_SetDPCEnable
 .text.NX_DPC_SetDelay
                0x0000000042c08e2c       0x30 arch/arm/cpu/slsiap/s5p6818/built-in.o
                0x0000000042c08e2c                NX_DPC_SetDelay
 .text.NX_DPC_SetDither
                0x0000000042c08e5c       0x28 arch/arm/cpu/slsiap/s5p6818/built-in.o
                0x0000000042c08e5c                NX_DPC_SetDither
 .text.NX_DPC_SetMode
                0x0000000042c08e84       0xe0 arch/arm/cpu/slsiap/s5p6818/built-in.o
                0x0000000042c08e84                NX_DPC_SetMode
 .text.NX_DPC_SetHSync
                0x0000000042c08f64       0x5c arch/arm/cpu/slsiap/s5p6818/built-in.o
                0x0000000042c08f64                NX_DPC_SetHSync
 .text.NX_DPC_SetVSync
                0x0000000042c08fc0       0x9c arch/arm/cpu/slsiap/s5p6818/built-in.o
                0x0000000042c08fc0                NX_DPC_SetVSync
 .text.NX_DPC_SetVSyncOffset
                0x0000000042c0905c       0x24 arch/arm/cpu/slsiap/s5p6818/built-in.o
                0x0000000042c0905c                NX_DPC_SetVSyncOffset
 .text.NX_HDMI_GetReg
                0x0000000042c09080       0x14 arch/arm/cpu/slsiap/s5p6818/built-in.o
                0x0000000042c09080                NX_HDMI_GetReg
 .text.NX_HDMI_SetReg
                0x0000000042c09094       0x14 arch/arm/cpu/slsiap/s5p6818/built-in.o
                0x0000000042c09094                NX_HDMI_SetReg
 .text.NX_HDMI_Initialize
                0x0000000042c090a8       0x20 arch/arm/cpu/slsiap/s5p6818/built-in.o
                0x0000000042c090a8                NX_HDMI_Initialize
 .text.NX_HDMI_SetBaseAddress
                0x0000000042c090c8       0x10 arch/arm/cpu/slsiap/s5p6818/built-in.o
                0x0000000042c090c8                NX_HDMI_SetBaseAddress
 .text.NX_HDMI_GetPhysicalAddress
                0x0000000042c090d8        0xc arch/arm/cpu/slsiap/s5p6818/built-in.o
                0x0000000042c090d8                NX_HDMI_GetPhysicalAddress
 .text.NX_HDMI_GetResetNumber
                0x0000000042c090e4       0x44 arch/arm/cpu/slsiap/s5p6818/built-in.o
                0x0000000042c090e4                NX_HDMI_GetResetNumber
 .text.serial_setbrg_dev.isra.1
                0x0000000042c09128       0x50 arch/arm/cpu/slsiap/s5p6818/built-in.o
 .text.s5p_serial_setbrg
                0x0000000042c09178        0x4 arch/arm/cpu/slsiap/s5p6818/built-in.o
 .text.s5p_serial_getc
                0x0000000042c0917c       0x44 arch/arm/cpu/slsiap/s5p6818/built-in.o
 .text.s5p_serial_tstc
                0x0000000042c091c0       0x18 arch/arm/cpu/slsiap/s5p6818/built-in.o
 .text.serial_putc_dev.isra.5
                0x0000000042c091d8       0x48 arch/arm/cpu/slsiap/s5p6818/built-in.o
 .text.s5p_serial_puts
                0x0000000042c09220       0x20 arch/arm/cpu/slsiap/s5p6818/built-in.o
 .text.s5p_serial_putc
                0x0000000042c09240        0x4 arch/arm/cpu/slsiap/s5p6818/built-in.o
 .text.s5p_serial_init
                0x0000000042c09244       0x48 arch/arm/cpu/slsiap/s5p6818/built-in.o
 .text.default_serial_console
                0x0000000042c0928c        0xc arch/arm/cpu/slsiap/s5p6818/built-in.o
                0x0000000042c0928c                default_serial_console
 .text.s5p_serial_initialize
                0x0000000042c09298        0xc arch/arm/cpu/slsiap/s5p6818/built-in.o
                0x0000000042c09298                s5p_serial_initialize
 .text.send_start
                0x0000000042c092a4       0x64 arch/arm/cpu/slsiap/s5p6818/built-in.o
 .text.send_stop
                0x0000000042c09308       0x60 arch/arm/cpu/slsiap/s5p6818/built-in.o
 .text.write_byte
                0x0000000042c09368       0xcc arch/arm/cpu/slsiap/s5p6818/built-in.o
 .text.do_i2c_mode
                0x0000000042c09434       0xcc arch/arm/cpu/slsiap/s5p6818/built-in.o
                0x0000000042c09434                do_i2c_mode
 .text.i2c_get_bus_num
                0x0000000042c09500       0x10 arch/arm/cpu/slsiap/s5p6818/built-in.o
                0x0000000042c09500                i2c_get_bus_num
 .text.i2c_set_bus_speed
                0x0000000042c09510       0x80 arch/arm/cpu/slsiap/s5p6818/built-in.o
                0x0000000042c09510                i2c_set_bus_speed
 .text.i2c_set_bus_num
                0x0000000042c09590       0x4c arch/arm/cpu/slsiap/s5p6818/built-in.o
                0x0000000042c09590                i2c_set_bus_num
 .text.i2c_get_bus_speed
                0x0000000042c095dc       0x18 arch/arm/cpu/slsiap/s5p6818/built-in.o
                0x0000000042c095dc                i2c_get_bus_speed
 .text.i2c_init
                0x0000000042c095f4       0x24 arch/arm/cpu/slsiap/s5p6818/built-in.o
                0x0000000042c095f4                i2c_init
 .text.i2c_write
                0x0000000042c09618      0x10c arch/arm/cpu/slsiap/s5p6818/built-in.o
                0x0000000042c09618                i2c_write
 .text.i2c_read
                0x0000000042c09724      0x168 arch/arm/cpu/slsiap/s5p6818/built-in.o
                0x0000000042c09724                i2c_read
 .text.i2c_probe
                0x0000000042c0988c       0x5c arch/arm/cpu/slsiap/s5p6818/built-in.o
                0x0000000042c0988c                i2c_probe
 .text.axp228_i2c_read.isra.0
                0x0000000042c098e8       0x20 arch/arm/cpu/slsiap/s5p6818/built-in.o
 .text.axp228_i2c_write.isra.1
                0x0000000042c09908       0x24 arch/arm/cpu/slsiap/s5p6818/built-in.o
 .text.axp228_i2c_update
                0x0000000042c0992c       0x5c arch/arm/cpu/slsiap/s5p6818/built-in.o
 .text.axp228_i2c_clr_bits
                0x0000000042c09988       0x50 arch/arm/cpu/slsiap/s5p6818/built-in.o
 .text.axp228_i2c_set_bits
                0x0000000042c099d8       0x54 arch/arm/cpu/slsiap/s5p6818/built-in.o
 .text.axp228_set_charging_current
                0x0000000042c09a2c       0x88 arch/arm/cpu/slsiap/s5p6818/built-in.o
 .text.power_pmic_function_init
                0x0000000042c09ab4       0x28 arch/arm/cpu/slsiap/s5p6818/built-in.o
                0x0000000042c09ab4                power_pmic_function_init
 .text.bd_pmic_init
                0x0000000042c09adc      0x5a0 arch/arm/cpu/slsiap/s5p6818/built-in.o
                0x0000000042c09adc                bd_pmic_init
 .text.axp228_charger_state
                0x0000000042c0a07c        0x8 arch/arm/cpu/slsiap/s5p6818/built-in.o
 .text.axp228_charger_bat_present
                0x0000000042c0a084       0x38 arch/arm/cpu/slsiap/s5p6818/built-in.o
 .text.axp228_usb_limit_set
                0x0000000042c0a0bc       0x3c arch/arm/cpu/slsiap/s5p6818/built-in.o
                0x0000000042c0a0bc                axp228_usb_limit_set
 .text.axp228_chrg_get_type
                0x0000000042c0a0f8       0x9c arch/arm/cpu/slsiap/s5p6818/built-in.o
 .text.power_pmic_init
                0x0000000042c0a194       0x74 arch/arm/cpu/slsiap/s5p6818/built-in.o
                0x0000000042c0a194                power_pmic_init
 .text.axp228_power_battery_charge
                0x0000000042c0a208        0x8 arch/arm/cpu/slsiap/s5p6818/built-in.o
 .text.axp228_power_battery_init
                0x0000000042c0a210       0x34 arch/arm/cpu/slsiap/s5p6818/built-in.o
 .text.power_bat_init
                0x0000000042c0a244       0x74 arch/arm/cpu/slsiap/s5p6818/built-in.o
                0x0000000042c0a244                power_bat_init
 .text.axp228_muic_chrg_get_type
                0x0000000042c0a2b8       0x9c arch/arm/cpu/slsiap/s5p6818/built-in.o
 .text.power_muic_init
                0x0000000042c0a354       0x74 arch/arm/cpu/slsiap/s5p6818/built-in.o
                0x0000000042c0a354                power_muic_init
 .text.axp228_power_check_ibatt
                0x0000000042c0a3c8       0xdc arch/arm/cpu/slsiap/s5p6818/built-in.o
 .text.axp228_power_update_battery
                0x0000000042c0a4a4       0x8c arch/arm/cpu/slsiap/s5p6818/built-in.o
 .text.axp228_power_check_battery
                0x0000000042c0a530       0xc0 arch/arm/cpu/slsiap/s5p6818/built-in.o
 .text.power_fg_init
                0x0000000042c0a5f0       0x74 arch/arm/cpu/slsiap/s5p6818/built-in.o
                0x0000000042c0a5f0                power_fg_init
 .text.dw_mci_clksel
                0x0000000042c0a664       0x14 arch/arm/cpu/slsiap/s5p6818/built-in.o
 .text.dw_mci_get_clk
                0x0000000042c0a678       0x50 arch/arm/cpu/slsiap/s5p6818/built-in.o
 .text.dw_mci_init.constprop.1
                0x0000000042c0a6c8      0x110 arch/arm/cpu/slsiap/s5p6818/built-in.o
 .text.board_mmc_init
                0x0000000042c0a7d8       0xa4 arch/arm/cpu/slsiap/s5p6818/built-in.o
                0x0000000042c0a7d8                board_mmc_init
 .text.disp_initialize
                0x0000000042c0a87c       0x24 arch/arm/cpu/slsiap/s5p6818/built-in.o
                0x0000000042c0a87c                disp_initialize
 .text.disp_topctl_reset
                0x0000000042c0a8a0       0x30 arch/arm/cpu/slsiap/s5p6818/built-in.o
                0x0000000042c0a8a0                disp_topctl_reset
 .text.disp_syncgen_reset
                0x0000000042c0a8d0       0x34 arch/arm/cpu/slsiap/s5p6818/built-in.o
                0x0000000042c0a8d0                disp_syncgen_reset
 .text.disp_syncgen_init
                0x0000000042c0a904       0x30 arch/arm/cpu/slsiap/s5p6818/built-in.o
                0x0000000042c0a904                disp_syncgen_init
 .text.disp_syncgen_enable
                0x0000000042c0a934       0x28 arch/arm/cpu/slsiap/s5p6818/built-in.o
                0x0000000042c0a934                disp_syncgen_enable
 .text.disp_syncgen_setup
                0x0000000042c0a95c      0x2a0 arch/arm/cpu/slsiap/s5p6818/built-in.o
                0x0000000042c0a95c                disp_syncgen_setup
 .text.disp_multily_init
                0x0000000042c0abfc       0x3c arch/arm/cpu/slsiap/s5p6818/built-in.o
                0x0000000042c0abfc                disp_multily_init
 .text.disp_multily_enable
                0x0000000042c0ac38       0x44 arch/arm/cpu/slsiap/s5p6818/built-in.o
                0x0000000042c0ac38                disp_multily_enable
 .text.disp_multily_setup
                0x0000000042c0ac7c      0x1d8 arch/arm/cpu/slsiap/s5p6818/built-in.o
                0x0000000042c0ac7c                disp_multily_setup
 .text.disp_hdmi_enable.part.1
                0x0000000042c0ae54       0x78 arch/arm/cpu/slsiap/s5p6818/built-in.o
 .text.display_hdmi
                0x0000000042c0aecc      0xc38 arch/arm/cpu/slsiap/s5p6818/built-in.o
                0x0000000042c0aecc                display_hdmi
 .text.display_rgb
                0x0000000042c0bb04       0xd0 arch/arm/cpu/slsiap/s5p6818/built-in.o
                0x0000000042c0bb04                display_rgb
 .text.gpio_direction_input
                0x0000000042c0bbd4       0x38 arch/arm/cpu/slsiap/s5p6818/built-in.o
                0x0000000042c0bbd4                gpio_direction_input
 .text.gpio_direction_output
                0x0000000042c0bc0c       0x64 arch/arm/cpu/slsiap/s5p6818/built-in.o
                0x0000000042c0bc0c                gpio_direction_output
 .text.gpio_get_value
                0x0000000042c0bc70       0x20 arch/arm/cpu/slsiap/s5p6818/built-in.o
                0x0000000042c0bc70                gpio_get_value
 .text.s3c_usb_core_soft_reset
                0x0000000042c0bc90       0x28 arch/arm/cpu/slsiap/s5p6818/built-in.o
 .text.s3c_usb_write_ep0_fifo
                0x0000000042c0bcb8       0x50 arch/arm/cpu/slsiap/s5p6818/built-in.o
 .text.s3c_usb_write_in_fifo
                0x0000000042c0bd08       0x50 arch/arm/cpu/slsiap/s5p6818/built-in.o
 .text.s3c_usb_read_out_fifo
                0x0000000042c0bd58       0x4c arch/arm/cpu/slsiap/s5p6818/built-in.o
 .text.s3c_usb_set_inep_xfersize.part.0
                0x0000000042c0bda4       0x1c arch/arm/cpu/slsiap/s5p6818/built-in.o
 .text.fboot_usb_int_bulkin
                0x0000000042c0bdc0       0xc0 arch/arm/cpu/slsiap/s5p6818/built-in.o
                0x0000000042c0bdc0                fboot_usb_int_bulkin
 .text.fboot_usb_int_bulkout
                0x0000000042c0be80       0x94 arch/arm/cpu/slsiap/s5p6818/built-in.o
                0x0000000042c0be80                fboot_usb_int_bulkout
 .text.fboot_usb_set_descriptors
                0x0000000042c0bf14      0x1a4 arch/arm/cpu/slsiap/s5p6818/built-in.o
                0x0000000042c0bf14                fboot_usb_set_descriptors
 .text.fastboot_getvar
                0x0000000042c0c0b8        0x8 arch/arm/cpu/slsiap/s5p6818/built-in.o
                0x0000000042c0c0b8                fastboot_getvar
 .text.s3c_usbctl_init
                0x0000000042c0c0c0      0x188 arch/arm/cpu/slsiap/s5p6818/built-in.o
                0x0000000042c0c0c0                s3c_usbctl_init
 .text.fboot_usbctl_init
                0x0000000042c0c248       0x20 arch/arm/cpu/slsiap/s5p6818/built-in.o
                0x0000000042c0c248                fboot_usbctl_init
 .text.fastboot_init
                0x0000000042c0c268       0xcc arch/arm/cpu/slsiap/s5p6818/built-in.o
                0x0000000042c0c268                fastboot_init
 .text.s3c_usb_stop
                0x0000000042c0c334       0x14 arch/arm/cpu/slsiap/s5p6818/built-in.o
                0x0000000042c0c334                s3c_usb_stop
 .text.fastboot_shutdown
                0x0000000042c0c348        0x4 arch/arm/cpu/slsiap/s5p6818/built-in.o
                0x0000000042c0c348                fastboot_shutdown
 .text.dwc_otg_get_ep0_state
                0x0000000042c0c34c       0x10 arch/arm/cpu/slsiap/s5p6818/built-in.o
                0x0000000042c0c34c                dwc_otg_get_ep0_state
 .text.dwc_otg_clear_ep0_state
                0x0000000042c0c35c       0x14 arch/arm/cpu/slsiap/s5p6818/built-in.o
                0x0000000042c0c35c                dwc_otg_clear_ep0_state
 .text.s3c_udc_int_hndlr
                0x0000000042c0c370     0x2068 arch/arm/cpu/slsiap/s5p6818/built-in.o
                0x0000000042c0c370                s3c_udc_int_hndlr
 .text.fastboot_poll
                0x0000000042c0e3d8       0x70 arch/arm/cpu/slsiap/s5p6818/built-in.o
                0x0000000042c0e3d8                fastboot_poll
 .text.fastboot_tx_status
                0x0000000042c0e448       0x5c arch/arm/cpu/slsiap/s5p6818/built-in.o
                0x0000000042c0e448                fastboot_tx_status
 .text.otg_clk_enable
                0x0000000042c0e4a4        0x4 arch/arm/cpu/slsiap/s5p6818/built-in.o
                0x0000000042c0e4a4                otg_clk_enable
 .text.otg_phy_init
                0x0000000042c0e4a8      0x100 arch/arm/cpu/slsiap/s5p6818/built-in.o
                0x0000000042c0e4a8                otg_phy_init
 .text.otg_phy_off
                0x0000000042c0e5a8       0xb8 arch/arm/cpu/slsiap/s5p6818/built-in.o
                0x0000000042c0e5a8                otg_phy_off
 .text.boot_jump_linux.isra.4
                0x0000000042c0e660       0xa4 arch/arm/lib/built-in.o
 .text.arch_lmb_reserve
                0x0000000042c0e704       0x24 arch/arm/lib/built-in.o
                0x0000000042c0e704                arch_lmb_reserve
 .text.boot_prep_linux.isra.5
                0x0000000042c0e728      0x104 arch/arm/lib/built-in.o
 .text.do_bootm_linux
                0x0000000042c0e82c       0x5c arch/arm/lib/built-in.o
                0x0000000042c0e82c                do_bootm_linux
 .text.boot_prep_vxworks
                0x0000000042c0e888        0x4 arch/arm/lib/built-in.o
                0x0000000042c0e888                boot_prep_vxworks
 .text.boot_jump_vxworks
                0x0000000042c0e88c        0xc arch/arm/lib/built-in.o
                0x0000000042c0e88c                boot_jump_vxworks
 .text.interrupt_init
                0x0000000042c0e898       0x1c arch/arm/lib/built-in.o
                0x0000000042c0e898                interrupt_init
 .text.enable_interrupts
                0x0000000042c0e8b4        0x4 arch/arm/lib/built-in.o
                0x0000000042c0e8b4                enable_interrupts
 .text.disable_interrupts
                0x0000000042c0e8b8        0x8 arch/arm/lib/built-in.o
                0x0000000042c0e8b8                disable_interrupts
 .text.bad_mode
                0x0000000042c0e8c0       0x10 arch/arm/lib/built-in.o
                0x0000000042c0e8c0                bad_mode
 .text.show_regs
                0x0000000042c0e8d0      0x13c arch/arm/lib/built-in.o
                0x0000000042c0e8d0                show_regs
 .text.do_undefined_instruction
                0x0000000042c0ea0c       0x20 arch/arm/lib/built-in.o
                0x0000000042c0ea0c                do_undefined_instruction
 .text.do_software_interrupt
                0x0000000042c0ea2c       0x20 arch/arm/lib/built-in.o
                0x0000000042c0ea2c                do_software_interrupt
 .text.do_prefetch_abort
                0x0000000042c0ea4c       0x20 arch/arm/lib/built-in.o
                0x0000000042c0ea4c                do_prefetch_abort
 .text.do_data_abort
                0x0000000042c0ea6c       0x20 arch/arm/lib/built-in.o
                0x0000000042c0ea6c                do_data_abort
 .text.do_not_used
                0x0000000042c0ea8c       0x20 arch/arm/lib/built-in.o
                0x0000000042c0ea8c                do_not_used
 .text.do_fiq   0x0000000042c0eaac       0x20 arch/arm/lib/built-in.o
                0x0000000042c0eaac                do_fiq
 .text.do_irq   0x0000000042c0eacc       0x20 arch/arm/lib/built-in.o
                0x0000000042c0eacc                do_irq
 .text.do_reset
                0x0000000042c0eaec       0x2c arch/arm/lib/built-in.o
                0x0000000042c0eaec                do_reset
 .text.cp_delay
                0x0000000042c0eb18       0x30 arch/arm/lib/built-in.o
 .text.icache_disable
                0x0000000042c0eb48       0x1c arch/arm/lib/built-in.o
                0x0000000042c0eb48                icache_disable
 .text.dcache_disable
                0x0000000042c0eb64       0x28 arch/arm/lib/built-in.o
                0x0000000042c0eb64                dcache_disable
 .text.bd_gpio_init
                0x0000000042c0eb8c      0x120 board/s5p6818/nanopi3/built-in.o
 .text.bd_update_env
                0x0000000042c0ecac      0x274 board/s5p6818/nanopi3/built-in.o
 .text.board_mmc_bootdev
                0x0000000042c0ef20       0x10 board/s5p6818/nanopi3/built-in.o
                0x0000000042c0ef20                board_mmc_bootdev
 .text.board_early_init_f
                0x0000000042c0ef30      0x15c board/s5p6818/nanopi3/built-in.o
                0x0000000042c0ef30                board_early_init_f
 .text.board_init
                0x0000000042c0f08c       0xb8 board/s5p6818/nanopi3/built-in.o
                0x0000000042c0f08c                board_init
 .text.power_init_board
                0x0000000042c0f144        0x4 board/s5p6818/nanopi3/built-in.o
                0x0000000042c0f144                power_init_board
 .text.bd_display_run
                0x0000000042c0f148       0x6c board/s5p6818/nanopi3/built-in.o
                0x0000000042c0f148                bd_display_run
 .text.board_late_init
                0x0000000042c0f1b4      0x150 board/s5p6818/nanopi3/built-in.o
                0x0000000042c0f1b4                board_late_init
 .text.crc8     0x0000000042c0f304       0x38 board/s5p6818/nanopi3/built-in.o
 .text.wait_loops.constprop.0
                0x0000000042c0f33c       0x18 board/s5p6818/nanopi3/built-in.o
 .text.onewire_session
                0x0000000042c0f354      0x164 board/s5p6818/nanopi3/built-in.o
 .text.onewire_init
                0x0000000042c0f4b8       0x28 board/s5p6818/nanopi3/built-in.o
                0x0000000042c0f4b8                onewire_init
 .text.onewire_get_info
                0x0000000042c0f4e0       0x70 board/s5p6818/nanopi3/built-in.o
                0x0000000042c0f4e0                onewire_get_info
 .text.onewire_get_lcd_id
                0x0000000042c0f550       0x10 board/s5p6818/nanopi3/built-in.o
                0x0000000042c0f550                onewire_get_lcd_id
 .text.onewire_set_backlight
                0x0000000042c0f560       0x64 board/s5p6818/nanopi3/built-in.o
                0x0000000042c0f560                onewire_set_backlight
 .text.s430_gpio_init
                0x0000000042c0f5c4       0x28 board/s5p6818/nanopi3/built-in.o
 .text.hd101_gpio_init
                0x0000000042c0f5ec       0x28 board/s5p6818/nanopi3/built-in.o
 .text.s70_gpio_init
                0x0000000042c0f614       0x54 board/s5p6818/nanopi3/built-in.o
 .text.nanopi2_setup_lcd_by_id
                0x0000000042c0f668       0x48 board/s5p6818/nanopi3/built-in.o
                0x0000000042c0f668                nanopi2_setup_lcd_by_id
 .text.nanopi2_setup_lcd_by_name
                0x0000000042c0f6b0       0xf0 board/s5p6818/nanopi3/built-in.o
                0x0000000042c0f6b0                nanopi2_setup_lcd_by_name
 .text.nanopi2_get_lcd
                0x0000000042c0f7a0       0x24 board/s5p6818/nanopi3/built-in.o
                0x0000000042c0f7a0                nanopi2_get_lcd
 .text.nanopi2_get_lcd_name
                0x0000000042c0f7c4       0x24 board/s5p6818/nanopi3/built-in.o
                0x0000000042c0f7c4                nanopi2_get_lcd_name
 .text.nanopi2_get_lcd_density
                0x0000000042c0f7e8       0x24 board/s5p6818/nanopi3/built-in.o
                0x0000000042c0f7e8                nanopi2_get_lcd_density
 .text.nxp_platform_disp_init.isra.0.constprop.1
                0x0000000042c0f80c       0xf4 board/s5p6818/nanopi3/built-in.o
 .text.bd_display
                0x0000000042c0f900      0x2a0 board/s5p6818/nanopi3/built-in.o
                0x0000000042c0f900                bd_display
 .text.fboot_lcd_start
                0x0000000042c0fba0       0x9c board/s5p6818/nanopi3/built-in.o
                0x0000000042c0fba0                fboot_lcd_start
 .text.fboot_lcd_stop
                0x0000000042c0fc3c       0x10 board/s5p6818/nanopi3/built-in.o
                0x0000000042c0fc3c                fboot_lcd_stop
 .text.fboot_lcd_part
                0x0000000042c0fc4c       0x5c board/s5p6818/nanopi3/built-in.o
                0x0000000042c0fc4c                fboot_lcd_part
 .text.fboot_lcd_down
                0x0000000042c0fca8       0x58 board/s5p6818/nanopi3/built-in.o
                0x0000000042c0fca8                fboot_lcd_down
 .text.fboot_lcd_flash
                0x0000000042c0fd00       0x5c board/s5p6818/nanopi3/built-in.o
                0x0000000042c0fd00                fboot_lcd_flash
 .text.fboot_lcd_status
                0x0000000042c0fd5c       0x58 board/s5p6818/nanopi3/built-in.o
                0x0000000042c0fd5c                fboot_lcd_status
 .text.__show_boot_progress
                0x0000000042c0fdb4        0x4 common/built-in.o
                0x0000000042c0fdb4                __show_boot_progress
                0x0000000042c0fdb4                show_boot_progress
 .text.main_loop
                0x0000000042c0fdb8       0x20 common/built-in.o
                0x0000000042c0fdb8                main_loop
 .text.find_cmd_tbl
                0x0000000042c0fdd8       0xa4 common/built-in.o
                0x0000000042c0fdd8                find_cmd_tbl
 .text.find_cmd
                0x0000000042c0fe7c       0x28 common/built-in.o
                0x0000000042c0fe7c                find_cmd
 .text.cmd_usage
                0x0000000042c0fea4       0x5c common/built-in.o
                0x0000000042c0fea4                cmd_usage
 .text._do_help
                0x0000000042c0ff00      0x180 common/built-in.o
                0x0000000042c0ff00                _do_help
 .text.cmd_get_data_size
                0x0000000042c10080       0x5c common/built-in.o
                0x0000000042c10080                cmd_get_data_size
 .text.cmd_process
                0x0000000042c100dc       0xf4 common/built-in.o
                0x0000000042c100dc                cmd_process
 .text.dummy    0x0000000042c101d0        0x4 common/built-in.o
 .text.get_version
                0x0000000042c101d4        0x8 common/built-in.o
                0x0000000042c101d4                get_version
 .text.jumptable_init
                0x0000000042c101dc      0x1a0 common/built-in.o
                0x0000000042c101dc                jumptable_init
 .text.hash_command
                0x0000000042c1037c       0xa0 common/built-in.o
                0x0000000042c1037c                hash_command
 .text.b_reset  0x0000000042c1041c       0x1c common/built-in.o
 .text.static_get
                0x0000000042c10438       0x1c common/built-in.o
 .text.static_peek
                0x0000000042c10454        0xc common/built-in.o
 .text.file_peek
                0x0000000042c10460        0xc common/built-in.o
 .text.mapset   0x0000000042c1046c       0x20 common/built-in.o
 .text.syntax_err
                0x0000000042c1048c        0xc common/built-in.o
 .text.free_pipe_list
                0x0000000042c10498       0xf0 common/built-in.o
 .text.xmalloc  0x0000000042c10588       0x20 common/built-in.o
 .text.new_pipe
                0x0000000042c105a8       0x28 common/built-in.o
 .text.xrealloc
                0x0000000042c105d0       0x20 common/built-in.o
 .text.done_command
                0x0000000042c105f0       0x88 common/built-in.o
 .text.done_pipe
                0x0000000042c10678       0x48 common/built-in.o
 .text.done_word
                0x0000000042c106c0      0x2d8 common/built-in.o
 .text.do_showvar
                0x0000000042c10998       0xfc common/built-in.o
 .text.is_assignment
                0x0000000042c10a94       0x5c common/built-in.o
 .text.file_get
                0x0000000042c10af0      0x1ec common/built-in.o
 .text.b_addchr
                0x0000000042c10cdc       0x78 common/built-in.o
 .text.b_addqchr
                0x0000000042c10d54       0x50 common/built-in.o
 .text.get_local_var
                0x0000000042c10da4       0xa0 common/built-in.o
                0x0000000042c10da4                get_local_var
 .text.set_local_var
                0x0000000042c10e44      0x1ac common/built-in.o
                0x0000000042c10e44                set_local_var
 .text.insert_var_value_sub
                0x0000000042c10ff0      0x2c0 common/built-in.o
 .text.parse_string_outer
                0x0000000042c112b0       0xe4 common/built-in.o
                0x0000000042c112b0                parse_string_outer
 .text.run_list_real
                0x0000000042c11394      0x7e4 common/built-in.o
 .text.parse_stream_outer
                0x0000000042c11b78      0x6d0 common/built-in.o
 .text.parse_file_outer
                0x0000000042c12248       0x44 common/built-in.o
                0x0000000042c12248                parse_file_outer
 .text.u_boot_hush_start
                0x0000000042c1228c       0x54 common/built-in.o
                0x0000000042c1228c                u_boot_hush_start
 .text.run_command
                0x0000000042c122e0        0x8 common/built-in.o
                0x0000000042c122e0                run_command
 .text.run_command_list
                0x0000000042c122e8       0x5c common/built-in.o
                0x0000000042c122e8                run_command_list
 .text.do_run   0x0000000042c12344       0x74 common/built-in.o
                0x0000000042c12344                do_run
 .text.cli_loop
                0x0000000042c123b8        0xc common/built-in.o
                0x0000000042c123b8                cli_loop
 .text.cli_init
                0x0000000042c123c4        0x4 common/built-in.o
                0x0000000042c123c4                cli_init
 .text.delete_char.part.0
                0x0000000042c123c8       0xd0 common/built-in.o
 .text.cread_add_char
                0x0000000042c12498       0xe8 common/built-in.o
 .text.cli_readline_into_buffer
                0x0000000042c12580      0x90c common/built-in.o
                0x0000000042c12580                cli_readline_into_buffer
 .text.cli_readline
                0x0000000042c12e8c       0x14 common/built-in.o
                0x0000000042c12e8c                cli_readline
 .text.bootdelay_process
                0x0000000042c12ea0       0x4c common/built-in.o
                0x0000000042c12ea0                bootdelay_process
 .text.autoboot_command
                0x0000000042c12eec       0xf8 common/built-in.o
                0x0000000042c12eec                autoboot_command
 .text.trace_early_init
                0x0000000042c12fe4        0x8 common/built-in.o
 .text.display_text_info
                0x0000000042c12fec        0x8 common/built-in.o
 .text.setup_mon_len
                0x0000000042c12ff4       0x20 common/built-in.o
 .text.reserve_round_4k
                0x0000000042c13014       0x18 common/built-in.o
 .text.reserve_mmu
                0x0000000042c1302c       0x38 common/built-in.o
 .text.reserve_trace
                0x0000000042c13064        0x8 common/built-in.o
 .text.reserve_uboot
                0x0000000042c1306c       0x30 common/built-in.o
 .text.reserve_malloc
                0x0000000042c1309c       0x14 common/built-in.o
 .text.setup_machine
                0x0000000042c130b0        0x8 common/built-in.o
 .text.reserve_global_data
                0x0000000042c130b8       0x1c common/built-in.o
 .text.reserve_fdt
                0x0000000042c130d4       0x4c common/built-in.o
 .text.reserve_stacks
                0x0000000042c13120       0x34 common/built-in.o
 .text.display_new_sp
                0x0000000042c13154        0x8 common/built-in.o
 .text.setup_reloc
                0x0000000042c1315c       0x2c common/built-in.o
 .text.reloc_fdt
                0x0000000042c13188       0x30 common/built-in.o
 .text.reserve_board
                0x0000000042c131b8       0x30 common/built-in.o
 .text.announce_dram_init
                0x0000000042c131e8       0x18 common/built-in.o
 .text.init_func_i2c
                0x0000000042c13200       0x34 common/built-in.o
 .text.init_baud_rate
                0x0000000042c13234       0x2c common/built-in.o
 .text.setup_fdt
                0x0000000042c13260       0x28 common/built-in.o
 .text.mark_bootstage
                0x0000000042c13288       0x14 common/built-in.o
 .text.__board_add_ram_info
                0x0000000042c1329c        0x4 common/built-in.o
                0x0000000042c1329c                __board_add_ram_info
                0x0000000042c1329c                board_add_ram_info
 .text.show_dram_config
                0x0000000042c132a0       0x38 common/built-in.o
 .text.setup_dram_config
                0x0000000042c132d8       0x10 common/built-in.o
 .text.board_get_usable_ram_top
                0x0000000042c132e8        0x8 common/built-in.o
                0x0000000042c132e8                board_get_usable_ram_top
 .text.setup_dest_addr
                0x0000000042c132f0       0x3c common/built-in.o
 .text.board_init_f
                0x0000000042c1332c       0x4c common/built-in.o
                0x0000000042c1332c                board_init_f
 .text.bootstage_relocate
                0x0000000042c13378        0x8 common/built-in.o
 .text.initr_trace
                0x0000000042c13380        0x8 common/built-in.o
 .text.initr_reloc_global_data
                0x0000000042c13388       0x28 common/built-in.o
 .text.initr_barrier
                0x0000000042c133b0        0x8 common/built-in.o
 .text.initr_announce
                0x0000000042c133b8        0x8 common/built-in.o
 .text.initr_mmc
                0x0000000042c133c0       0x20 common/built-in.o
                0x0000000042c133c0                initr_mmc
 .text.run_main_loop
                0x0000000042c133e0        0xc common/built-in.o
 .text.initr_enable_interrupts
                0x0000000042c133ec       0x10 common/built-in.o
 .text.initr_jumptable
                0x0000000042c133fc       0x10 common/built-in.o
 .text.initr_env
                0x0000000042c1340c       0x30 common/built-in.o
 .text.initr_malloc
                0x0000000042c1343c       0x1c common/built-in.o
 .text.initr_serial
                0x0000000042c13458       0x10 common/built-in.o
 .text.initr_caches
                0x0000000042c13468       0x10 common/built-in.o
 .text.initr_reloc
                0x0000000042c13478       0x20 common/built-in.o
 .text.__cpu_secondary_init_r
                0x0000000042c13498        0x4 common/built-in.o
                0x0000000042c13498                cpu_secondary_init_r
                0x0000000042c13498                __cpu_secondary_init_r
 .text.initr_secondary_cpu
                0x0000000042c1349c       0x10 common/built-in.o
 .text.board_init_r
                0x0000000042c134ac       0x18 common/built-in.o
                0x0000000042c134ac                board_init_r
 .text.do_go_exec
                0x0000000042c134c4       0x10 common/built-in.o
                0x0000000042c134c4                do_go_exec
 .text.do_go    0x0000000042c134d4       0x6c common/built-in.o
 .text.do_bootm
                0x0000000042c13540      0x110 common/built-in.o
                0x0000000042c13540                do_bootm
 .text.do_bootd
                0x0000000042c13650       0x20 common/built-in.o
                0x0000000042c13650                do_bootd
 .text.image_info
                0x0000000042c13670       0xcc common/built-in.o
 .text.do_iminfo
                0x0000000042c1373c       0x60 common/built-in.o
 .text.bootm_find_ramdisk_fdt
                0x0000000042c1379c       0x4c common/built-in.o
                0x0000000042c1379c                bootm_find_ramdisk_fdt
 .text.do_bootm_states
                0x0000000042c137e8      0x75c common/built-in.o
                0x0000000042c137e8                do_bootm_states
 .text.do_bootm_standalone
                0x0000000042c13f44       0x64 common/built-in.o
 .text.do_bootm_plan9
                0x0000000042c13fa8       0xd0 common/built-in.o
 .text.do_bootvx_fdt
                0x0000000042c14078       0x3c common/built-in.o
                0x0000000042c14078                do_bootvx_fdt
 .text.do_bootm_vxworks
                0x0000000042c140b4       0x24 common/built-in.o
 .text.boot_selected_os
                0x0000000042c140d8       0x58 common/built-in.o
                0x0000000042c140d8                boot_selected_os
 .text.bootm_os_get_boot_func
                0x0000000042c14130       0x10 common/built-in.o
                0x0000000042c14130                bootm_os_get_boot_func
 .text.do_help  0x0000000042c14140       0x48 common/built-in.o
 .text.do_version
                0x0000000042c14188       0x38 common/built-in.o
 .text.env_attr_walk
                0x0000000042c141c0      0x114 common/built-in.o
                0x0000000042c141c0                env_attr_walk
 .text.env_attr_lookup
                0x0000000042c142d4      0x18c common/built-in.o
                0x0000000042c142d4                env_attr_lookup
 .text.clear_callback
                0x0000000042c14460       0x10 common/built-in.o
 .text.find_env_callback
                0x0000000042c14470       0x68 common/built-in.o
 .text.on_callbacks
                0x0000000042c144d8       0x48 common/built-in.o
 .text.set_callback
                0x0000000042c14520       0x94 common/built-in.o
 .text.env_callback_init
                0x0000000042c145b4       0xc4 common/built-in.o
                0x0000000042c145b4                env_callback_init
 .text.clear_flags
                0x0000000042c14678       0x10 common/built-in.o
 .text.on_flags
                0x0000000042c14688       0x48 common/built-in.o
 .text.env_flags_parse_vartype
                0x0000000042c146d0       0x50 common/built-in.o
                0x0000000042c146d0                env_flags_parse_vartype
 .text.env_flags_parse_varaccess
                0x0000000042c14720       0x58 common/built-in.o
                0x0000000042c14720                env_flags_parse_varaccess
 .text.set_flags
                0x0000000042c14778       0xac common/built-in.o
 .text.env_flags_init
                0x0000000042c14824       0xd8 common/built-in.o
                0x0000000042c14824                env_flags_init
 .text.env_flags_validate
                0x0000000042c148fc      0x228 common/built-in.o
                0x0000000042c148fc                env_flags_validate
 .text.init_mmc_for_env
                0x0000000042c14b24       0x34 common/built-in.o
 .text.mmc_get_env_addr
                0x0000000042c14b58       0x10 common/built-in.o
                0x0000000042c14b58                mmc_get_env_addr
 .text.env_init
                0x0000000042c14b68       0x1c common/built-in.o
                0x0000000042c14b68                env_init
 .text.saveenv  0x0000000042c14b84       0xfc common/built-in.o
                0x0000000042c14b84                saveenv
 .text.env_relocate_spec
                0x0000000042c14c80       0xc4 common/built-in.o
                0x0000000042c14c80                env_relocate_spec
 .text.source   0x0000000042c14d44       0xd8 common/built-in.o
                0x0000000042c14d44                source
 .text.do_source
                0x0000000042c14e1c       0x44 common/built-in.o
                0x0000000042c14e1c                do_source
 .text.print_num
                0x0000000042c14e60       0x18 common/built-in.o
 .text.do_bdinfo
                0x0000000042c14e78       0xc0 common/built-in.o
                0x0000000042c14e78                do_bdinfo
 .text.do_exit  0x0000000042c14f38       0x30 common/built-in.o
 .text.do_ext4_load
                0x0000000042c14f68       0x18 common/built-in.o
                0x0000000042c14f68                do_ext4_load
 .text.do_ext4_ls
                0x0000000042c14f80       0x18 common/built-in.o
                0x0000000042c14f80                do_ext4_ls
 .text.do_ext4_write
                0x0000000042c14f98       0xf0 common/built-in.o
                0x0000000042c14f98                do_ext4_write
 .text.do_fat_fsload
                0x0000000042c15088       0x18 common/built-in.o
                0x0000000042c15088                do_fat_fsload
 .text.do_fat_ls
                0x0000000042c150a0       0x18 common/built-in.o
 .text.do_fat_fsinfo
                0x0000000042c150b8       0x90 common/built-in.o
 .text.do_fat_fswrite
                0x0000000042c15148       0xfc common/built-in.o
 .text.get_alen
                0x0000000042c15244       0x3c common/built-in.o
 .text.do_i2c   0x0000000042c15280       0x64 common/built-in.o
 .text.do_i2c_reset
                0x0000000042c152e4       0x1c common/built-in.o
 .text.do_i2c_mw
                0x0000000042c15300       0xec common/built-in.o
 .text.do_i2c_read
                0x0000000042c153ec       0xb0 common/built-in.o
 .text.do_i2c_probe
                0x0000000042c1549c       0x9c common/built-in.o
 .text.do_i2c_md
                0x0000000042c15538      0x1dc common/built-in.o
 .text.do_i2c_crc
                0x0000000042c15714      0x118 common/built-in.o
 .text.do_i2c_bus_num
                0x0000000042c1582c       0x74 common/built-in.o
                0x0000000042c1582c                do_i2c_bus_num
 .text.do_i2c_write
                0x0000000042c158a0       0xf0 common/built-in.o
 .text.do_i2c_loop
                0x0000000042c15990       0xe0 common/built-in.o
 .text.mod_i2c_mem.isra.3
                0x0000000042c15a70      0x1f8 common/built-in.o
 .text.do_i2c_nm
                0x0000000042c15c68        0x8 common/built-in.o
 .text.do_i2c_mm
                0x0000000042c15c70        0x8 common/built-in.o
 .text.do_i2c_bus_speed
                0x0000000042c15c78       0x74 common/built-in.o
 .text.do_mem_mw
                0x0000000042c15cec       0xc0 common/built-in.o
 .text.do_mem_loop
                0x0000000042c15dac       0xec common/built-in.o
 .text.do_mem_md
                0x0000000042c15e98       0xec common/built-in.o
 .text.do_mem_cmp
                0x0000000042c15f84      0x16c common/built-in.o
 .text.do_mem_base
                0x0000000042c160f0       0x40 common/built-in.o
 .text.do_mem_cp
                0x0000000042c16130       0xd8 common/built-in.o
 .text.do_mem_crc
                0x0000000042c16208       0x48 common/built-in.o
 .text.do_mem_mtest
                0x0000000042c16250      0x1d4 common/built-in.o
 .text.mod_mem.isra.2
                0x0000000042c16424      0x164 common/built-in.o
 .text.do_mem_mm
                0x0000000042c16588        0x8 common/built-in.o
 .text.do_mem_nm
                0x0000000042c16590        0x8 common/built-in.o
 .text.do_mmcops
                0x0000000042c16598       0xb4 common/built-in.o
 .text.init_mmc_device
                0x0000000042c1664c       0x54 common/built-in.o
 .text.do_mmc_rescan
                0x0000000042c166a0       0x24 common/built-in.o
 .text.do_mmc_list
                0x0000000042c166c4       0x14 common/built-in.o
 .text.do_mmc_dev
                0x0000000042c166d8      0x134 common/built-in.o
 .text.do_mmc_part
                0x0000000042c1680c       0x5c common/built-in.o
 .text.do_mmc_erase
                0x0000000042c16868       0xe8 common/built-in.o
 .text.do_mmc_write
                0x0000000042c16950       0xb8 common/built-in.o
 .text.do_mmc_read
                0x0000000042c16a08       0xec common/built-in.o
 .text.do_mmcinfo
                0x0000000042c16af4      0x178 common/built-in.o
 .text.do_mmc_setdsr
                0x0000000042c16c6c       0xb0 common/built-in.o
 .text.do_false
                0x0000000042c16d1c        0x8 common/built-in.o
 .text.do_true  0x0000000042c16d24        0x8 common/built-in.o
 .text.do_test  0x0000000042c16d2c      0x33c common/built-in.o
 .text.do_env_delete
                0x0000000042c17068       0x9c common/built-in.o
 .text.do_env_save
                0x0000000042c17104       0x2c common/built-in.o
 .text.do_env   0x0000000042c17130       0x64 common/built-in.o
 .text.env_print
                0x0000000042c17194       0xc0 common/built-in.o
 .text.do_env_print
                0x0000000042c17254       0xc4 common/built-in.o
 .text.do_env_import
                0x0000000042c17318      0x260 common/built-in.o
 .text.do_env_default
                0x0000000042c17578       0xa8 common/built-in.o
 .text._do_env_set.isra.1
                0x0000000042c17620      0x1b8 common/built-in.o
 .text.do_env_set
                0x0000000042c177d8       0x1c common/built-in.o
 .text.setenv   0x0000000042c177f4       0x58 common/built-in.o
                0x0000000042c177f4                setenv
 .text.setenv_hex
                0x0000000042c1784c       0x34 common/built-in.o
                0x0000000042c1784c                setenv_hex
 .text.do_env_export
                0x0000000042c17880      0x260 common/built-in.o
 .text.envmatch
                0x0000000042c17ae0       0x6c common/built-in.o
                0x0000000042c17ae0                envmatch
 .text.getenv_f
                0x0000000042c17b4c       0xc0 common/built-in.o
                0x0000000042c17b4c                getenv_f
 .text.getenv   0x0000000042c17c0c       0x78 common/built-in.o
                0x0000000042c17c0c                getenv
 .text.getenv_ulong
                0x0000000042c17c84       0x30 common/built-in.o
                0x0000000042c17c84                getenv_ulong
 .text.__env_get_char_spec
                0x0000000042c17cb4        0xc common/built-in.o
                0x0000000042c17cb4                env_get_char_spec
 .text.env_get_addr
                0x0000000042c17cc0       0x20 common/built-in.o
                0x0000000042c17cc0                env_get_addr
 .text.env_get_char_memory
                0x0000000042c17ce0       0x10 common/built-in.o
                0x0000000042c17ce0                env_get_char_memory
 .text.env_get_char
                0x0000000042c17cf0       0x30 common/built-in.o
                0x0000000042c17cf0                env_get_char
 .text.getenv_yesno
                0x0000000042c17d20       0x40 common/built-in.o
                0x0000000042c17d20                getenv_yesno
 .text.getenv_default
                0x0000000042c17d60       0x30 common/built-in.o
                0x0000000042c17d60                getenv_default
 .text.set_default_env
                0x0000000042c17d90       0xbc common/built-in.o
                0x0000000042c17d90                set_default_env
 .text.set_default_vars
                0x0000000042c17e4c       0x34 common/built-in.o
                0x0000000042c17e4c                set_default_vars
 .text.env_import
                0x0000000042c17e80       0xdc common/built-in.o
                0x0000000042c17e80                env_import
 .text.env_export
                0x0000000042c17f5c       0xa0 common/built-in.o
                0x0000000042c17f5c                env_export
 .text.env_relocate
                0x0000000042c17ffc       0x30 common/built-in.o
                0x0000000042c17ffc                env_relocate
 .text.console_setfile
                0x0000000042c1802c       0xa4 common/built-in.o
 .text.fgetc    0x0000000042c180d0       0x24 common/built-in.o
                0x0000000042c180d0                fgetc
 .text.ftstc    0x0000000042c180f4       0x24 common/built-in.o
                0x0000000042c180f4                ftstc
 .text.getc     0x0000000042c18118       0x24 common/built-in.o
                0x0000000042c18118                getc
 .text.tstc     0x0000000042c1813c       0x24 common/built-in.o
                0x0000000042c1813c                tstc
 .text.putc     0x0000000042c18160       0x30 common/built-in.o
                0x0000000042c18160                putc
 .text.puts     0x0000000042c18190       0x30 common/built-in.o
                0x0000000042c18190                puts
 .text.printf   0x0000000042c181c0       0x50 common/built-in.o
                0x0000000042c181c0                printf
 .text.vprintf  0x0000000042c18210       0x3c common/built-in.o
                0x0000000042c18210                vprintf
 .text.ctrlc    0x0000000042c1824c       0x58 common/built-in.o
                0x0000000042c1824c                ctrlc
 .text.had_ctrlc
                0x0000000042c182a4       0x10 common/built-in.o
                0x0000000042c182a4                had_ctrlc
 .text.clear_ctrlc
                0x0000000042c182b4       0x14 common/built-in.o
                0x0000000042c182b4                clear_ctrlc
 .text.search_device
                0x0000000042c182c8       0x28 common/built-in.o
                0x0000000042c182c8                search_device
 .text.console_assign
                0x0000000042c182f0       0x48 common/built-in.o
                0x0000000042c182f0                console_assign
 .text.on_console
                0x0000000042c18338       0xc0 common/built-in.o
 .text.console_init_f
                0x0000000042c183f8       0x10 common/built-in.o
                0x0000000042c183f8                console_init_f
 .text.stdio_print_current_devices
                0x0000000042c18408       0xb0 common/built-in.o
                0x0000000042c18408                stdio_print_current_devices
 .text.console_init_r
                0x0000000042c184b8       0xe0 common/built-in.o
                0x0000000042c184b8                console_init_r
 .text.sbrk     0x0000000042c18598       0x70 common/built-in.o
                0x0000000042c18598                sbrk
 .text.mem_malloc_init
                0x0000000042c18608       0x34 common/built-in.o
                0x0000000042c18608                mem_malloc_init
 .text.malloc_trim
                0x0000000042c1863c       0xcc common/built-in.o
                0x0000000042c1863c                malloc_trim
 .text.free     0x0000000042c18708      0x230 common/built-in.o
                0x0000000042c18708                free
 .text.malloc   0x0000000042c18938      0x608 common/built-in.o
                0x0000000042c18938                malloc
 .text.calloc   0x0000000042c18f40       0xd4 common/built-in.o
                0x0000000042c18f40                calloc
 .text.realloc  0x0000000042c19014      0x4c0 common/built-in.o
                0x0000000042c19014                realloc
 .text.memalign
                0x0000000042c194d4      0x10c common/built-in.o
                0x0000000042c194d4                memalign
 .text.on_loadaddr
                0x0000000042c195e0       0x38 common/built-in.o
 .text.image_check_hcrc
                0x0000000042c19618       0x4c common/built-in.o
                0x0000000042c19618                image_check_hcrc
 .text.image_check_dcrc
                0x0000000042c19664       0x38 common/built-in.o
                0x0000000042c19664                image_check_dcrc
 .text.image_multi_count
                0x0000000042c1969c       0x1c common/built-in.o
                0x0000000042c1969c                image_multi_count
 .text.image_multi_getimg
                0x0000000042c196b8       0x80 common/built-in.o
                0x0000000042c196b8                image_multi_getimg
 .text.getenv_bootm_low
                0x0000000042c19738       0x30 common/built-in.o
                0x0000000042c19738                getenv_bootm_low
 .text.getenv_bootm_size
                0x0000000042c19768       0x5c common/built-in.o
                0x0000000042c19768                getenv_bootm_size
 .text.memmove_wd
                0x0000000042c197c4        0xc common/built-in.o
                0x0000000042c197c4                memmove_wd
 .text.genimg_print_size
                0x0000000042c197d0       0x30 common/built-in.o
                0x0000000042c197d0                genimg_print_size
 .text.get_table_entry_name
                0x0000000042c19800       0x2c common/built-in.o
                0x0000000042c19800                get_table_entry_name
 .text.genimg_get_os_name
                0x0000000042c1982c       0x18 common/built-in.o
                0x0000000042c1982c                genimg_get_os_name
 .text.genimg_get_arch_name
                0x0000000042c19844       0x18 common/built-in.o
                0x0000000042c19844                genimg_get_arch_name
 .text.genimg_get_type_name
                0x0000000042c1985c       0x18 common/built-in.o
                0x0000000042c1985c                genimg_get_type_name
 .text.genimg_get_comp_name
                0x0000000042c19874       0x18 common/built-in.o
                0x0000000042c19874                genimg_get_comp_name
 .text.image_print_contents
                0x0000000042c1988c      0x174 common/built-in.o
                0x0000000042c1988c                image_print_contents
 .text.genimg_get_format
                0x0000000042c19a00       0x1c common/built-in.o
                0x0000000042c19a00                genimg_get_format
 .text.genimg_get_image
                0x0000000042c19a1c        0x4 common/built-in.o
                0x0000000042c19a1c                genimg_get_image
 .text.boot_get_ramdisk
                0x0000000042c19a20      0x238 common/built-in.o
                0x0000000042c19a20                boot_get_ramdisk
 .text.boot_ramdisk_high
                0x0000000042c19c58      0x130 common/built-in.o
                0x0000000042c19c58                boot_ramdisk_high
 .text.get_effective_memsize
                0x0000000042c19d88        0x8 common/built-in.o
                0x0000000042c19d88                get_effective_memsize
 .text.stdio_get_list
                0x0000000042c19d90        0xc common/built-in.o
                0x0000000042c19d90                stdio_get_list
 .text.stdio_get_by_name
                0x0000000042c19d9c       0x5c common/built-in.o
                0x0000000042c19d9c                stdio_get_by_name
 .text.stdio_clone
                0x0000000042c19df8       0x38 common/built-in.o
                0x0000000042c19df8                stdio_clone
 .text.stdio_register
                0x0000000042c19e30       0x3c common/built-in.o
                0x0000000042c19e30                stdio_register
 .text.stdio_init
                0x0000000042c19e6c       0x9c common/built-in.o
                0x0000000042c19e6c                stdio_init
 .text.get_dev_hwpart
                0x0000000042c19f08       0xb0 disk/built-in.o
                0x0000000042c19f08                get_dev_hwpart
 .text.dev_print
                0x0000000042c19fb8      0x218 disk/built-in.o
                0x0000000042c19fb8                dev_print
 .text.init_part
                0x0000000042c1a1d0       0x20 disk/built-in.o
                0x0000000042c1a1d0                init_part
 .text.print_part
                0x0000000042c1a1f0      0x104 disk/built-in.o
                0x0000000042c1a1f0                print_part
 .text.get_partition_info
                0x0000000042c1a2f4       0x2c disk/built-in.o